Archive member included to satisfy reference by file (symbol)

mpu6050_lib/libmpu6050_lib.a(mpu6050.c.o)
                              main/CMakeFiles/pico_emb.dir/main.c.o (mpu6050_set_config)
/home/sol/.pico-sdk/toolchain/14_2_Rel1/bin/../lib/gcc/arm-none-eabi/14.2.1/thumb/v6-m/nofp/libgcc.a(_dvmd_tls.o)
                              main/CMakeFiles/pico_emb.dir/home/sol/.pico-sdk/sdk/2.1.1/src/rp2_common/pico_divider/divider_hardware.S.o (__aeabi_idiv0)
/home/sol/.pico-sdk/toolchain/14_2_Rel1/bin/../lib/gcc/arm-none-eabi/14.2.1/../../../../arm-none-eabi/lib/thumb/v6-m/nofp/libg.a(libc_a-calloc.o)
                              main/CMakeFiles/pico_emb.dir/home/sol/.pico-sdk/sdk/2.1.1/src/rp2_common/pico_malloc/malloc.c.o (calloc)
/home/sol/.pico-sdk/toolchain/14_2_Rel1/bin/../lib/gcc/arm-none-eabi/14.2.1/../../../../arm-none-eabi/lib/thumb/v6-m/nofp/libg.a(libc_a-callocr.o)
                              /home/sol/.pico-sdk/toolchain/14_2_Rel1/bin/../lib/gcc/arm-none-eabi/14.2.1/../../../../arm-none-eabi/lib/thumb/v6-m/nofp/libg.a(libc_a-calloc.o) (_calloc_r)
/home/sol/.pico-sdk/toolchain/14_2_Rel1/bin/../lib/gcc/arm-none-eabi/14.2.1/../../../../arm-none-eabi/lib/thumb/v6-m/nofp/libg.a(libc_a-malloc.o)
                              main/CMakeFiles/pico_emb.dir/home/sol/.pico-sdk/sdk/2.1.1/src/rp2_common/pico_malloc/malloc.c.o (malloc)
/home/sol/.pico-sdk/toolchain/14_2_Rel1/bin/../lib/gcc/arm-none-eabi/14.2.1/../../../../arm-none-eabi/lib/thumb/v6-m/nofp/libg.a(libc_a-mallocr.o)
                              /home/sol/.pico-sdk/toolchain/14_2_Rel1/bin/../lib/gcc/arm-none-eabi/14.2.1/../../../../arm-none-eabi/lib/thumb/v6-m/nofp/libg.a(libc_a-callocr.o) (_malloc_r)
/home/sol/.pico-sdk/toolchain/14_2_Rel1/bin/../lib/gcc/arm-none-eabi/14.2.1/../../../../arm-none-eabi/lib/thumb/v6-m/nofp/libg.a(libc_a-mlock.o)
                              /home/sol/.pico-sdk/toolchain/14_2_Rel1/bin/../lib/gcc/arm-none-eabi/14.2.1/../../../../arm-none-eabi/lib/thumb/v6-m/nofp/libg.a(libc_a-mallocr.o) (__malloc_lock)
/home/sol/.pico-sdk/toolchain/14_2_Rel1/bin/../lib/gcc/arm-none-eabi/14.2.1/../../../../arm-none-eabi/lib/thumb/v6-m/nofp/libg.a(libc_a-realloc.o)
                              main/CMakeFiles/pico_emb.dir/home/sol/.pico-sdk/sdk/2.1.1/src/rp2_common/pico_malloc/malloc.c.o (realloc)
/home/sol/.pico-sdk/toolchain/14_2_Rel1/bin/../lib/gcc/arm-none-eabi/14.2.1/../../../../arm-none-eabi/lib/thumb/v6-m/nofp/libg.a(libc_a-reallocr.o)
                              /home/sol/.pico-sdk/toolchain/14_2_Rel1/bin/../lib/gcc/arm-none-eabi/14.2.1/../../../../arm-none-eabi/lib/thumb/v6-m/nofp/libg.a(libc_a-realloc.o) (_realloc_r)
/home/sol/.pico-sdk/toolchain/14_2_Rel1/bin/../lib/gcc/arm-none-eabi/14.2.1/../../../../arm-none-eabi/lib/thumb/v6-m/nofp/libg.a(libc_a-memcmp.o)
                              main/CMakeFiles/pico_emb.dir/home/sol/.pico-sdk/sdk/2.1.1/src/rp2_common/pico_atomic/atomic.c.o (memcmp)
/home/sol/.pico-sdk/toolchain/14_2_Rel1/bin/../lib/gcc/arm-none-eabi/14.2.1/../../../../arm-none-eabi/lib/thumb/v6-m/nofp/libg.a(libc_a-memmove.o)
                              /home/sol/.pico-sdk/toolchain/14_2_Rel1/bin/../lib/gcc/arm-none-eabi/14.2.1/../../../../arm-none-eabi/lib/thumb/v6-m/nofp/libg.a(libc_a-reallocr.o) (memmove)
/home/sol/.pico-sdk/toolchain/14_2_Rel1/bin/../lib/gcc/arm-none-eabi/14.2.1/../../../../arm-none-eabi/lib/thumb/v6-m/nofp/libg.a(libc_a-lcltime_r.o)
                              main/CMakeFiles/pico_emb.dir/home/sol/.pico-sdk/sdk/2.1.1/src/common/pico_util/datetime.c.o (localtime_r)
/home/sol/.pico-sdk/toolchain/14_2_Rel1/bin/../lib/gcc/arm-none-eabi/14.2.1/../../../../arm-none-eabi/lib/thumb/v6-m/nofp/libg.a(libc_a-mktime.o)
                              main/CMakeFiles/pico_emb.dir/home/sol/.pico-sdk/sdk/2.1.1/src/common/pico_util/datetime.c.o (mktime)
/home/sol/.pico-sdk/toolchain/14_2_Rel1/bin/../lib/gcc/arm-none-eabi/14.2.1/../../../../arm-none-eabi/lib/thumb/v6-m/nofp/libg.a(libc_a-month_lengths.o)
                              /home/sol/.pico-sdk/toolchain/14_2_Rel1/bin/../lib/gcc/arm-none-eabi/14.2.1/../../../../arm-none-eabi/lib/thumb/v6-m/nofp/libg.a(libc_a-lcltime_r.o) (__month_lengths)
/home/sol/.pico-sdk/toolchain/14_2_Rel1/bin/../lib/gcc/arm-none-eabi/14.2.1/../../../../arm-none-eabi/lib/thumb/v6-m/nofp/libg.a(libc_a-tzcalc_limits.o)
                              /home/sol/.pico-sdk/toolchain/14_2_Rel1/bin/../lib/gcc/arm-none-eabi/14.2.1/../../../../arm-none-eabi/lib/thumb/v6-m/nofp/libg.a(libc_a-lcltime_r.o) (__tzcalc_limits)
/home/sol/.pico-sdk/toolchain/14_2_Rel1/bin/../lib/gcc/arm-none-eabi/14.2.1/../../../../arm-none-eabi/lib/thumb/v6-m/nofp/libg.a(libc_a-tzlock.o)
                              /home/sol/.pico-sdk/toolchain/14_2_Rel1/bin/../lib/gcc/arm-none-eabi/14.2.1/../../../../arm-none-eabi/lib/thumb/v6-m/nofp/libg.a(libc_a-lcltime_r.o) (__tz_lock)
[...]
Memory Configuration

Name             Origin             Length             Attributes
FLASH            0x10000000         0x00200000         xr
RAM              0x20000000         0x00040000         xrw
SCRATCH_X        0x20040000         0x00001000         xrw
SCRATCH_Y        0x20041000         0x00001000         xrw
*default*        0x00000000         0xffffffff

Linker script and memory map

LOAD /home/sol/.pico-sdk/toolchain/14_2_Rel1/bin/../lib/gcc/arm-none-eabi/14.2.1/thumb/v6-m/nofp/crti.o
LOAD /home/sol/.pico-sdk/toolchain/14_2_Rel1/bin/../lib/gcc/arm-none-eabi/14.2.1/thumb/v6-m/nofp/crtbegin.o
LOAD /home/sol/.pico-sdk/toolchain/14_2_Rel1/bin/../lib/gcc/arm-none-eabi/14.2.1/../../../../arm-none-eabi/lib/thumb/v6-m/nofp/crt0.o

.flash_begin    0x10000000        0x0
                0x10000000                        __flash_binary_start = .

.boot2          0x10000000      0x100
                0x10000000                        __boot2_start__ = .
 *(.boot2)
 .boot2         0x10000000      0x100 pico-sdk/src/rp2040/boot_stage2/CMakeFiles/bs2_default_library.dir/./bs2_default_padded_checksummed.S.o
                0x10000100                        __boot2_end__ = .
                0x00000001                        ASSERT (((__boot2_end__ - __boot2_start__) == 0x100), ERROR: Pico second stage bootloader must be 256 bytes in size)

.text           0x10000100     0x4dc8
                0x10000100                        __logical_binary_start = .
 *(.vectors)
 .vectors       0x10000100       0xd4 main/CMakeFiles/pico_emb.dir/home/sol/.pico-sdk/sdk/2.1.1/src/rp2_common/pico_crt0/crt0.S.o
                0x10000100                __vectors
                0x10000100                __VECTOR_TABLE
                0x100001c0                isr_invalid
                0x100001c0                __default_isrs_start
                0x100001c2                isr_nmi
                0x100001c4                isr_hardfault
                0x100001c6                isr_svcall
                0x100001c8                isr_pendsv
                0x100001ca                isr_systick
                0x100001cc                isr_irq30
                0x100001cc                __unhandled_user_irq
                0x100001cc                isr_irq13
                0x100001cc                isr_irq27
                0x100001cc                isr_irq31
                0x100001cc                isr_irq5
                0x100001cc                isr_irq11
                0x100001cc                isr_irq23
                0x100001cc                isr_irq18
                0x100001cc                isr_irq28
                0x100001cc                isr_irq19
                0x100001cc                isr_irq0
                0x100001cc                isr_irq6
                0x100001cc                isr_irq22
                0x100001cc                isr_irq17
                0x100001cc                isr_irq14
                0x100001cc                isr_irq2
                0x100001cc                isr_irq10
                0x100001cc                isr_irq8
                0x100001cc                isr_irq24
                0x100001cc                isr_irq1
                0x100001cc                isr_irq7
                0x100001cc                isr_irq21
                0x100001cc                isr_irq20
                0x100001cc                isr_irq15
                0x100001cc                isr_irq25
                0x100001cc                isr_irq4
                0x100001cc                isr_irq16
                0x100001cc                isr_irq29
                0x100001cc                isr_irq26
                0x100001cc                __default_isrs_end
                0x100001cc                isr_irq3
                0x100001cc                isr_irq12
                0x100001cc                isr_irq9
                0x100001d2                unhandled_user_irq_num_in_r0
 *(.binary_info_header)
 .binary_info_header
                0x100001d4       0x14 main/CMakeFiles/pico_emb.dir/home/sol/.pico-sdk/sdk/2.1.1/src/rp2_common/pico_crt0/crt0.S.o
                0x100001e8                        __binary_info_header_end = .
 *(.embedded_block)
                0x100001e8                        __embedded_block_end = .
 *(.reset)
 .reset         0x100001e8       0x9c main/CMakeFiles/pico_emb.dir/home/sol/.pico-sdk/sdk/2.1.1/src/rp2_common/pico_crt0/crt0.S.o
                0x100001e8                _entry_point
 *(.init)
 .init          0x10000284        0x4 /home/sol/.pico-sdk/toolchain/14_2_Rel1/bin/../lib/gcc/arm-none-eabi/14.2.1/thumb/v6-m/nofp/crti.o
                0x10000284                _init
 *(EXCLUDE_FILE(*libm.a: *libc.a:*lib_a-mem*.o *libgcc.a:) .text*)
 .text.register_tm_clones
                0x10000288       0x28 /home/sol/.pico-sdk/toolchain/14_2_Rel1/bin/../lib/gcc/arm-none-eabi/14.2.1/thumb/v6-m/nofp/crtbegin.o
 .text.frame_dummy
                0x100002b0       0x24 /home/sol/.pico-sdk/toolchain/14_2_Rel1/bin/../lib/gcc/arm-none-eabi/14.2.1/thumb/v6-m/nofp/crtbegin.o
 .text.startup.main
                0x100002d4      0x174 main/CMakeFiles/pico_emb.dir/main.c.o
                0x100002d4                main
 .text.gpio_set_function
                0x10000448       0x34 main/CMakeFiles/pico_emb.dir/home/sol/.pico-sdk/sdk/2.1.1/src/rp2_common/hardware_gpio/gpio.c.o
                0x10000448                gpio_set_function
 .text.gpio_set_pulls
                0x1000047c       0x28 main/CMakeFiles/pico_emb.dir/home/sol/.pico-sdk/sdk/2.1.1/src/rp2_common/hardware_gpio/gpio.c.o
                0x1000047c                gpio_set_pulls
 .text.panic    0x100004a4       0x30 main/CMakeFiles/pico_emb.dir/home/sol/.pico-sdk/sdk/2.1.1/src/rp2_common/pico_platform_panic/panic.c.o
                0x100004a4                panic
 .text.hw_claim_or_assert
                0x100004d4       0x44 main/CMakeFiles/pico_emb.dir/home/sol/.pico-sdk/sdk/2.1.1/src/common/hardware_claim/claim.c.o
                0x100004d4                hw_claim_or_assert
 .text.next_striped_spin_lock_num
                0x10000518       0x18 main/CMakeFiles/pico_emb.dir/home/sol/.pico-sdk/sdk/2.1.1/src/rp2_common/hardware_sync/sync.c.o
                0x10000518                next_striped_spin_lock_num
 .text.spin_locks_reset
                0x10000530       0x1c main/CMakeFiles/pico_emb.dir/home/sol/.pico-sdk/sdk/2.1.1/src/rp2_common/hardware_sync_spin_lock/sync_spin_lock.c.o
                0x10000530                spin_locks_reset
 .text.runtime_init_per_core_irq_priorities
                0x1000054c       0x24 main/CMakeFiles/pico_emb.dir/home/sol/.pico-sdk/sdk/2.1.1/src/rp2_common/hardware_irq/irq.c.o
                0x1000054c                runtime_init_per_core_irq_priorities
 .text.irq_set_enabled
                0x10000570       0x24 main/CMakeFiles/pico_emb.dir/home/sol/.pico-sdk/sdk/2.1.1/src/rp2_common/hardware_irq/irq.c.o
                0x10000570                irq_set_enabled
 .text.irq_set_exclusive_handler
                0x10000594       0x54 main/CMakeFiles/pico_emb.dir/home/sol/.pico-sdk/sdk/2.1.1/src/rp2_common/hardware_irq/irq.c.o
                0x10000594                irq_set_exclusive_handler
 .text.irq_remove_handler
                0x100005e8      0x1d4 main/CMakeFiles/pico_emb.dir/home/sol/.pico-sdk/sdk/2.1.1/src/rp2_common/hardware_irq/irq.c.o
                0x100005e8                irq_remove_handler
 .text.irq_add_tail_to_free_list
                0x100007bc       0xb4 main/CMakeFiles/pico_emb.dir/home/sol/.pico-sdk/sdk/2.1.1/src/rp2_common/hardware_irq/irq.c.o
                0x100007bc                irq_add_tail_to_free_list
 .text.lock_init
                0x10000870       0x10 main/CMakeFiles/pico_emb.dir/home/sol/.pico-sdk/sdk/2.1.1/src/common/pico_sync/lock_core.c.o
                0x10000870                lock_init
 .text.runtime_init_mutex
                0x10000880       0x50 main/CMakeFiles/pico_emb.dir/home/sol/.pico-sdk/sdk/2.1.1/src/common/pico_sync/mutex.c.o
                0x10000880                runtime_init_mutex
 .text.sleep_until_callback
                0x100008d0       0x30 main/CMakeFiles/pico_emb.dir/home/sol/.pico-sdk/sdk/2.1.1/src/common/pico_time/time.c.o
 .text.alarm_pool_irq_handler
                0x10000900      0x300 main/CMakeFiles/pico_emb.dir/home/sol/.pico-sdk/sdk/2.1.1/src/common/pico_time/time.c.o
 .text.runtime_init_default_alarm_pool
                0x10000c00       0xdc main/CMakeFiles/pico_emb.dir/home/sol/.pico-sdk/sdk/2.1.1/src/common/pico_time/time.c.o
                0x10000c00                runtime_init_default_alarm_pool
 .text.alarm_pool_add_alarm_at_force_in_context
                0x10000cdc       0xb0 main/CMakeFiles/pico_emb.dir/home/sol/.pico-sdk/sdk/2.1.1/src/common/pico_time/time.c.o
                0x10000cdc                alarm_pool_add_alarm_at_force_in_context
 .text.alarm_pool_cancel_alarm
                0x10000d8c       0x74 main/CMakeFiles/pico_emb.dir/home/sol/.pico-sdk/sdk/2.1.1/src/common/pico_time/time.c.o
                0x10000d8c                alarm_pool_cancel_alarm
 .text.sleep_ms
                0x10000e00       0xfc main/CMakeFiles/pico_emb.dir/home/sol/.pico-sdk/sdk/2.1.1/src/common/pico_time/time.c.o
                0x10000e00                sleep_ms
 .text.best_effort_wfe_or_timeout
                0x10000efc      0x10c main/CMakeFiles/pico_emb.dir/home/sol/.pico-sdk/sdk/2.1.1/src/common/pico_time/time.c.o
                0x10000efc                best_effort_wfe_or_timeout
 .text.check_single_timeout_us
                0x10001008       0x24 main/CMakeFiles/pico_emb.dir/home/sol/.pico-sdk/sdk/2.1.1/src/common/pico_time/timeout_helper.c.o
 .text.init_single_timeout_until
                0x1000102c        0xc main/CMakeFiles/pico_emb.dir/home/sol/.pico-sdk/sdk/2.1.1/src/common/pico_time/timeout_helper.c.o
                0x1000102c                init_single_timeout_until
 .text.timer_hardware_alarm_claim
                0x10001038       0x14 main/CMakeFiles/pico_emb.dir/home/sol/.pico-sdk/sdk/2.1.1/src/rp2_common/hardware_timer/timer.c.o
                0x10001038                timer_hardware_alarm_claim
 .text.timer_time_us_64
                0x1000104c       0x10 main/CMakeFiles/pico_emb.dir/home/sol/.pico-sdk/sdk/2.1.1/src/rp2_common/hardware_timer/timer.c.o
                0x1000104c                timer_time_us_64
 .text.time_us_64
                0x1000105c       0x14 main/CMakeFiles/pico_emb.dir/home/sol/.pico-sdk/sdk/2.1.1/src/rp2_common/hardware_timer/timer.c.o
                0x1000105c                time_us_64
 .text.busy_wait_us
                0x10001070       0x68 main/CMakeFiles/pico_emb.dir/home/sol/.pico-sdk/sdk/2.1.1/src/rp2_common/hardware_timer/timer.c.o
                0x10001070                busy_wait_us
 .text.busy_wait_until
                0x100010d8       0x20 main/CMakeFiles/pico_emb.dir/home/sol/.pico-sdk/sdk/2.1.1/src/rp2_common/hardware_timer/timer.c.o
                0x100010d8                busy_wait_until
 .text.uart_init
                0x100010f8      0x120 main/CMakeFiles/pico_emb.dir/home/sol/.pico-sdk/sdk/2.1.1/src/rp2_common/hardware_uart/uart.c.o
                0x100010f8                uart_init
 .text.clock_configure_int_divider
                0x10001218       0xf4 main/CMakeFiles/pico_emb.dir/home/sol/.pico-sdk/sdk/2.1.1/src/rp2_common/hardware_clocks/clocks.c.o
                0x10001218                clock_configure_int_divider
 .text.clock_configure_undivided
                0x1000130c       0xe8 main/CMakeFiles/pico_emb.dir/home/sol/.pico-sdk/sdk/2.1.1/src/rp2_common/hardware_clocks/clocks.c.o
                0x1000130c                clock_configure_undivided
 .text.clock_get_hz
                0x100013f4        0xc main/CMakeFiles/pico_emb.dir/home/sol/.pico-sdk/sdk/2.1.1/src/rp2_common/hardware_clocks/clocks.c.o
                0x100013f4                clock_get_hz
 .text.pll_init
                0x10001400       0xa4 main/CMakeFiles/pico_emb.dir/home/sol/.pico-sdk/sdk/2.1.1/src/rp2_common/hardware_pll/pll.c.o
                0x10001400                pll_init
 .text.tick_start
                0x100014a4       0x10 main/CMakeFiles/pico_emb.dir/home/sol/.pico-sdk/sdk/2.1.1/src/rp2_common/hardware_ticks/ticks.c.o
                0x100014a4                tick_start
 .text.rom_func_lookup
                0x100014b4       0x10 main/CMakeFiles/pico_emb.dir/home/sol/.pico-sdk/sdk/2.1.1/src/rp2_common/pico_bootrom/bootrom.c.o
                0x100014b4                rom_func_lookup
 .text.rom_data_lookup
                0x100014c4       0x10 main/CMakeFiles/pico_emb.dir/home/sol/.pico-sdk/sdk/2.1.1/src/rp2_common/pico_bootrom/bootrom.c.o
                0x100014c4                rom_data_lookup
 .text.rom_funcs_lookup
                0x100014d4       0x44 main/CMakeFiles/pico_emb.dir/home/sol/.pico-sdk/sdk/2.1.1/src/rp2_common/pico_bootrom/bootrom.c.o
                0x100014d4                rom_funcs_lookup
 .text.xosc_init
                0x10001518       0x28 main/CMakeFiles/pico_emb.dir/home/sol/.pico-sdk/sdk/2.1.1/src/rp2_common/hardware_xosc/xosc.c.o
                0x10001518                xosc_init
 .text.first_per_core_initializer
                0x10001540        0x4 main/CMakeFiles/pico_emb.dir/home/sol/.pico-sdk/sdk/2.1.1/src/rp2_common/pico_runtime/runtime.c.o
 .text.hard_assertion_failure
                0x10001544        0xc main/CMakeFiles/pico_emb.dir/home/sol/.pico-sdk/sdk/2.1.1/src/rp2_common/pico_runtime/runtime.c.o
                0x10001544                hard_assertion_failure
 .text.runtime_run_initializers
                0x10001550       0x28 main/CMakeFiles/pico_emb.dir/home/sol/.pico-sdk/sdk/2.1.1/src/rp2_common/pico_runtime/runtime.c.o
                0x10001550                runtime_run_initializers
 .text.runtime_init_early_resets
                0x10001578       0x2c main/CMakeFiles/pico_emb.dir/home/sol/.pico-sdk/sdk/2.1.1/src/rp2_common/pico_runtime_init/runtime_init.c.o
                0x10001578                runtime_init_early_resets
 .text.runtime_init_usb_power_down
                0x100015a4       0x1c main/CMakeFiles/pico_emb.dir/home/sol/.pico-sdk/sdk/2.1.1/src/rp2_common/pico_runtime_init/runtime_init.c.o
                0x100015a4                runtime_init_usb_power_down
 .text.runtime_init_post_clock_resets
                0x100015c0       0x20 main/CMakeFiles/pico_emb.dir/home/sol/.pico-sdk/sdk/2.1.1/src/rp2_common/pico_runtime_init/runtime_init.c.o
                0x100015c0                runtime_init_post_clock_resets
 .text.runtime_init_rp2040_gpio_ie_disable
                0x100015e0       0x14 main/CMakeFiles/pico_emb.dir/home/sol/.pico-sdk/sdk/2.1.1/src/rp2_common/pico_runtime_init/runtime_init.c.o
                0x100015e0                runtime_init_rp2040_gpio_ie_disable
 .text.runtime_init_spin_locks_reset
                0x100015f4        0x8 main/CMakeFiles/pico_emb.dir/home/sol/.pico-sdk/sdk/2.1.1/src/rp2_common/pico_runtime_init/runtime_init.c.o
                0x100015f4                runtime_init_spin_locks_reset
 .text.runtime_init_install_ram_vector_table
                0x100015fc       0x1c main/CMakeFiles/pico_emb.dir/home/sol/.pico-sdk/sdk/2.1.1/src/rp2_common/pico_runtime_init/runtime_init.c.o
                0x100015fc                runtime_init_install_ram_vector_table
 .text.runtime_init_clocks
                0x10001618       0xd8 main/CMakeFiles/pico_emb.dir/home/sol/.pico-sdk/sdk/2.1.1/src/rp2_common/pico_runtime_init/runtime_init_clocks.c.o
                0x10001618                runtime_init_clocks
 .text          0x100016f0       0x10 main/CMakeFiles/pico_emb.dir/home/sol/.pico-sdk/sdk/2.1.1/src/rp2_common/pico_bit_ops/bit_ops_aeabi.S.o
 .text.__wrap___aeabi_idiv
                0x10001700       0x50 main/CMakeFiles/pico_emb.dir/home/sol/.pico-sdk/sdk/2.1.1/src/rp2_common/pico_divider/divider_hardware.S.o
                0x10001700                __wrap___aeabi_idivmod
                0x10001700                divmod_s32s32
                0x10001700                div_s32s32
                0x10001700                __wrap___aeabi_idiv
                0x10001708                divmod_s32s32_unsafe
                0x10001734                divmod_s32s32_savestate
 .text.__wrap___aeabi_uidiv
                0x10001750       0x4c main/CMakeFiles/pico_emb.dir/home/sol/.pico-sdk/sdk/2.1.1/src/rp2_common/pico_divider/divider_hardware.S.o
                0x10001750                __wrap___aeabi_uidiv
                0x10001750                __wrap___aeabi_uidivmod
                0x10001750                div_u32u32
                0x10001750                divmod_u32u32
                0x10001758                divmod_u32u32_unsafe
                0x10001780                divmod_u32u32_savestate
 .text.__wrap___aeabi_ldiv
                0x1000179c      0x424 main/CMakeFiles/pico_emb.dir/home/sol/.pico-sdk/sdk/2.1.1/src/rp2_common/pico_divider/divider_hardware.S.o
                0x1000179c                div_s64s64
                0x1000179c                divmod_s64s64
                0x1000179c                __wrap___aeabi_ldivmod
                0x100017cc                div_u64u64
                0x100017cc                divmod_u64u64
                0x100017cc                __wrap___aeabi_uldivmod
                0x100017dc                divmod_u64u64_savestate
                0x100017fc                divmod_s64s64_unsafe
                0x10001884                divmod_u64u64_unsafe
 .text.__wrap___aeabi_darithmetic
                0x10001bc0       0x80 main/CMakeFiles/pico_emb.dir/home/sol/.pico-sdk/sdk/2.1.1/src/rp2_common/pico_double/double_aeabi_rp2040.S.o
                0x10001bc0                __wrap___aeabi_drsub
                0x10001bc6                __wrap___aeabi_dsub
                0x10001bd8                __wrap___aeabi_dadd
                0x10001bea                __wrap___aeabi_ddiv
                0x10001c26                __wrap___aeabi_dmul
 .text.__wrap___aeabi_cdcmple
                0x10001c40       0x6c main/CMakeFiles/pico_emb.dir/home/sol/.pico-sdk/sdk/2.1.1/src/rp2_common/pico_double/double_aeabi_rp2040.S.o
                0x10001c40                __wrap___aeabi_cdrcmple
                0x10001c50                __wrap___aeabi_cdcmple
                0x10001c50                __wrap___aeabi_cdcmpeq
 .text.__wrap___aeabi_dcmplt
                0x10001cac        0xc main/CMakeFiles/pico_emb.dir/home/sol/.pico-sdk/sdk/2.1.1/src/rp2_common/pico_double/double_aeabi_rp2040.S.o
                0x10001cac                __wrap___aeabi_dcmplt
 .text.__wrap___aeabi_dcmple
                0x10001cb8       0x10 main/CMakeFiles/pico_emb.dir/home/sol/.pico-sdk/sdk/2.1.1/src/rp2_common/pico_double/double_aeabi_rp2040.S.o
                0x10001cb8                __wrap___aeabi_dcmple
 .text.__wrap___aeabi_dcmpge
                0x10001cc8       0x10 main/CMakeFiles/pico_emb.dir/home/sol/.pico-sdk/sdk/2.1.1/src/rp2_common/pico_double/double_aeabi_rp2040.S.o
                0x10001cc8                __wrap___aeabi_dcmpge
 .text.__wrap___aeabi_dcmpgt
                0x10001cd8        0xa main/CMakeFiles/pico_emb.dir/home/sol/.pico-sdk/sdk/2.1.1/src/rp2_common/pico_double/double_aeabi_rp2040.S.o
                0x10001cd8                __wrap___aeabi_dcmpgt
 .text.__wrap___aeabi_dcmpun
                0x10001ce2       0x18 main/CMakeFiles/pico_emb.dir/home/sol/.pico-sdk/sdk/2.1.1/src/rp2_common/pico_double/double_aeabi_rp2040.S.o
                0x10001ce2                __wrap___aeabi_dcmpun
 *fill*         0x10001cfa        0x2 
 .text.__wrap___aeabi_i2d
                0x10001cfc       0x38 main/CMakeFiles/pico_emb.dir/home/sol/.pico-sdk/sdk/2.1.1/src/rp2_common/pico_double/double_aeabi_rp2040.S.o
                0x10001cfc                __wrap___aeabi_ui2d
                0x10001cfc                uint2double
                0x10001d04                __wrap___aeabi_i2d
                0x10001d04                int2double
 .text.__wrap___aeabi_d2iz
                0x10001d34       0x48 main/CMakeFiles/pico_emb.dir/home/sol/.pico-sdk/sdk/2.1.1/src/rp2_common/pico_double/double_aeabi_rp2040.S.o
                0x10001d34                __wrap___aeabi_d2iz
                0x10001d34                double2int_z
 .text.__wrap___aeabi_d2uiz
                0x10001d7c       0x18 main/CMakeFiles/pico_emb.dir/home/sol/.pico-sdk/sdk/2.1.1/src/rp2_common/pico_double/double_aeabi_rp2040.S.o
                0x10001d7c                double2uint_z
                0x10001d7c                double2uint
                0x10001d7c                __wrap___aeabi_d2uiz
 .text.__aeabi_double_init
                0x10001d94       0xa4 main/CMakeFiles/pico_emb.dir/home/sol/.pico-sdk/sdk/2.1.1/src/rp2_common/pico_double/double_init_rom_rp2040.c.o
                0x10001d94                __aeabi_double_init
 .text.double_table_shim_on_use_helper
                0x10001e38       0x2c main/CMakeFiles/pico_emb.dir/home/sol/.pico-sdk/sdk/2.1.1/src/rp2_common/pico_double/double_v1_rom_shim_rp2040.S.o
                0x10001e38                double_table_shim_on_use_helper
 .text.__wrap___aeabi_dsub
                0x10001e64       0x10 main/CMakeFiles/pico_emb.dir/home/sol/.pico-sdk/sdk/2.1.1/src/rp2_common/pico_double/double_v1_rom_shim_rp2040.S.o
                0x10001e64                drsub_shim
                0x10001e6a                dsub_shim
 .text.dadd_shim
                0x10001e74      0x15c main/CMakeFiles/pico_emb.dir/home/sol/.pico-sdk/sdk/2.1.1/src/rp2_common/pico_double/double_v1_rom_shim_rp2040.S.o
                0x10001e74                dadd_shim
 .text.dmul_shim
                0x10001fd0      0x15c main/CMakeFiles/pico_emb.dir/home/sol/.pico-sdk/sdk/2.1.1/src/rp2_common/pico_double/double_v1_rom_shim_rp2040.S.o
                0x10001fd0                dmul_shim
 .text.ddiv_shim
                0x1000212c      0x1b0 main/CMakeFiles/pico_emb.dir/home/sol/.pico-sdk/sdk/2.1.1/src/rp2_common/pico_double/double_v1_rom_shim_rp2040.S.o
                0x1000212c                ddiv_shim
 .text.double2uint_shim
                0x100022dc        0xe main/CMakeFiles/pico_emb.dir/home/sol/.pico-sdk/sdk/2.1.1/src/rp2_common/pico_double/double_v1_rom_shim_rp2040.S.o
                0x100022dc                double2uint_shim
                0x100022de                double2ufix_shim
 *fill*         0x100022ea        0x2 
 .text.double2uint64_shim
                0x100022ec       0x70 main/CMakeFiles/pico_emb.dir/home/sol/.pico-sdk/sdk/2.1.1/src/rp2_common/pico_double/double_v1_rom_shim_rp2040.S.o
                0x100022ec                double2uint64_shim
                0x100022ee                double2ufix64_shim
                0x1000230e                d2fix_a
 .text.dunpacks
                0x1000235c       0x3c main/CMakeFiles/pico_emb.dir/home/sol/.pico-sdk/sdk/2.1.1/src/rp2_common/pico_double/double_v1_rom_shim_rp2040.S.o
                0x1000235c                dunpacks
 .text.__aeabi_lmul
                0x10002398       0x32 main/CMakeFiles/pico_emb.dir/home/sol/.pico-sdk/sdk/2.1.1/src/rp2_common/pico_int64_ops/pico_int64_ops_aeabi.S.o
                0x10002398                __wrap___aeabi_lmul
 *fill*         0x100023ca        0x2 
 .text.__wrap___aeabi_farithmetic
                0x100023cc       0x48 main/CMakeFiles/pico_emb.dir/home/sol/.pico-sdk/sdk/2.1.1/src/rp2_common/pico_float/float_aeabi_rp2040.S.o
                0x100023cc                __wrap___aeabi_frsub
                0x100023d2                __wrap___aeabi_fsub
                0x100023d8                __wrap___aeabi_fadd
                0x100023de                __wrap___aeabi_fdiv
                0x10002406                __wrap___aeabi_fmul
 .text.__wrap___aeabi_i2f
                0x10002414       0x44 main/CMakeFiles/pico_emb.dir/home/sol/.pico-sdk/sdk/2.1.1/src/rp2_common/pico_float/float_aeabi_rp2040.S.o
                0x10002414                int2float
                0x10002414                __wrap___aeabi_i2f
 .text.__wrap___aeabi_f2d
                0x10002458       0x14 main/CMakeFiles/pico_emb.dir/home/sol/.pico-sdk/sdk/2.1.1/src/rp2_common/pico_float/float_aeabi_rp2040.S.o
                0x10002458                __wrap___aeabi_f2d
 .text.__aeabi_float_init
                0x1000246c       0x64 main/CMakeFiles/pico_emb.dir/home/sol/.pico-sdk/sdk/2.1.1/src/rp2_common/pico_float/float_init_rom_rp2040.c.o
                0x1000246c                __aeabi_float_init
 .text.float_table_shim_on_use_helper
                0x100024d0       0x2c main/CMakeFiles/pico_emb.dir/home/sol/.pico-sdk/sdk/2.1.1/src/rp2_common/pico_float/float_v1_rom_shim_rp2040.S.o
                0x100024d0                float_table_shim_on_use_helper
 .text.float2double_shim
                0x100024fc       0x30 main/CMakeFiles/pico_emb.dir/home/sol/.pico-sdk/sdk/2.1.1/src/rp2_common/pico_float/float_v1_rom_shim_rp2040.S.o
                0x100024fc                float2double_shim
 .text          0x1000252c       0x10 main/CMakeFiles/pico_emb.dir/home/sol/.pico-sdk/sdk/2.1.1/src/rp2_common/pico_mem_ops/mem_ops_aeabi.S.o
                0x1000252c                __aeabi_mem_init
 .text.memcpy   0x1000253c        0xc main/CMakeFiles/pico_emb.dir/home/sol/.pico-sdk/sdk/2.1.1/src/rp2_common/pico_mem_ops/mem_ops_aeabi.S.o
                0x1000253c                __wrap___aeabi_memcpy
                0x1000253c                __wrap_memcpy
 .text._out_null
                0x10002548        0x4 main/CMakeFiles/pico_emb.dir/home/sol/.pico-sdk/sdk/2.1.1/src/rp2_common/pico_printf/printf.c.o
 .text._out_rev
                0x1000254c       0xac main/CMakeFiles/pico_emb.dir/home/sol/.pico-sdk/sdk/2.1.1/src/rp2_common/pico_printf/printf.c.o
 .text._ntoa_format
                0x100025f8      0x1cc main/CMakeFiles/pico_emb.dir/home/sol/.pico-sdk/sdk/2.1.1/src/rp2_common/pico_printf/printf.c.o
 .text._out_char
                0x100027c4       0x10 main/CMakeFiles/pico_emb.dir/home/sol/.pico-sdk/sdk/2.1.1/src/rp2_common/pico_printf/printf.c.o
 .text._out_fct
                0x100027d4       0x10 main/CMakeFiles/pico_emb.dir/home/sol/.pico-sdk/sdk/2.1.1/src/rp2_common/pico_printf/printf.c.o
 .text._ftoa    0x100027e4      0x4a8 main/CMakeFiles/pico_emb.dir/home/sol/.pico-sdk/sdk/2.1.1/src/rp2_common/pico_printf/printf.c.o
 .text._etoa    0x10002c8c      0x57c main/CMakeFiles/pico_emb.dir/home/sol/.pico-sdk/sdk/2.1.1/src/rp2_common/pico_printf/printf.c.o
 .text._vsnprintf
                0x10003208      0xbe0 main/CMakeFiles/pico_emb.dir/home/sol/.pico-sdk/sdk/2.1.1/src/rp2_common/pico_printf/printf.c.o
 .text.vfctprintf
                0x10003de8       0x24 main/CMakeFiles/pico_emb.dir/home/sol/.pico-sdk/sdk/2.1.1/src/rp2_common/pico_printf/printf.c.o
                0x10003de8                vfctprintf
 .text.weak_raw_vprintf
                0x10003e0c       0x30 main/CMakeFiles/pico_emb.dir/home/sol/.pico-sdk/sdk/2.1.1/src/rp2_common/pico_printf/printf.c.o
                0x10003e0c                weak_raw_vprintf
 .text._exit    0x10003e3c        0x4 main/CMakeFiles/pico_emb.dir/home/sol/.pico-sdk/sdk/2.1.1/src/rp2_common/pico_clib_interface/newlib_interface.c.o
                0x10003e3c                _exit
 .text.exit     0x10003e40        0x8 main/CMakeFiles/pico_emb.dir/home/sol/.pico-sdk/sdk/2.1.1/src/rp2_common/pico_clib_interface/newlib_interface.c.o
                0x10003e40                exit
 .text.runtime_init
                0x10003e48       0x2c main/CMakeFiles/pico_emb.dir/home/sol/.pico-sdk/sdk/2.1.1/src/rp2_common/pico_clib_interface/newlib_interface.c.o
                0x10003e48                runtime_init
 .text.stdio_out_chars_no_crlf
                0x10003e74       0x10 main/CMakeFiles/pico_emb.dir/home/sol/.pico-sdk/sdk/2.1.1/src/rp2_common/pico_stdio/stdio.c.o
 .text.stdio_out_chars_crlf
                0x10003e84       0xb0 main/CMakeFiles/pico_emb.dir/home/sol/.pico-sdk/sdk/2.1.1/src/rp2_common/pico_stdio/stdio.c.o
 .text.stdio_buffered_printer
                0x10003f34       0x64 main/CMakeFiles/pico_emb.dir/home/sol/.pico-sdk/sdk/2.1.1/src/rp2_common/pico_stdio/stdio.c.o
 .text.stdio_put_string
                0x10003f98       0xfc main/CMakeFiles/pico_emb.dir/home/sol/.pico-sdk/sdk/2.1.1/src/rp2_common/pico_stdio/stdio.c.o
                0x10003f98                stdio_put_string
 .text.stdio_set_driver_enabled
                0x10004094       0x30 main/CMakeFiles/pico_emb.dir/home/sol/.pico-sdk/sdk/2.1.1/src/rp2_common/pico_stdio/stdio.c.o
                0x10004094                stdio_set_driver_enabled
 .text.stdio_init_all
                0x100040c4        0xc main/CMakeFiles/pico_emb.dir/home/sol/.pico-sdk/sdk/2.1.1/src/rp2_common/pico_stdio/stdio.c.o
                0x100040c4                stdio_init_all
 .text.__wrap_putchar
                0x100040d0       0x94 main/CMakeFiles/pico_emb.dir/home/sol/.pico-sdk/sdk/2.1.1/src/rp2_common/pico_stdio/stdio.c.o
                0x100040d0                stdio_putchar
                0x100040d0                __wrap_putchar
 .text.__wrap_puts
                0x10004164       0x3c main/CMakeFiles/pico_emb.dir/home/sol/.pico-sdk/sdk/2.1.1/src/rp2_common/pico_stdio/stdio.c.o
                0x10004164                __wrap_puts
                0x10004164                stdio_puts
 .text.__wrap_vprintf
                0x100041a0       0xcc main/CMakeFiles/pico_emb.dir/home/sol/.pico-sdk/sdk/2.1.1/src/rp2_common/pico_stdio/stdio.c.o
                0x100041a0                __wrap_vprintf
                0x100041a0                stdio_vprintf
 .text.__wrap_printf
                0x1000426c       0x18 main/CMakeFiles/pico_emb.dir/home/sol/.pico-sdk/sdk/2.1.1/src/rp2_common/pico_stdio/stdio.c.o
                0x1000426c                stdio_printf
                0x1000426c                __wrap_printf
 .text.stdio_uart_out_chars
                0x10004284       0x4c main/CMakeFiles/pico_emb.dir/home/sol/.pico-sdk/sdk/2.1.1/src/rp2_common/pico_stdio_uart/stdio_uart.c.o
 .text.stdio_uart_in_chars
                0x100042d0       0x90 main/CMakeFiles/pico_emb.dir/home/sol/.pico-sdk/sdk/2.1.1/src/rp2_common/pico_stdio_uart/stdio_uart.c.o
                0x100042d0                stdio_uart_in_chars
 .text.on_uart_rx
                0x10004360       0x28 main/CMakeFiles/pico_emb.dir/home/sol/.pico-sdk/sdk/2.1.1/src/rp2_common/pico_stdio_uart/stdio_uart.c.o
 .text.stdio_uart_out_flush
                0x10004388       0x14 main/CMakeFiles/pico_emb.dir/home/sol/.pico-sdk/sdk/2.1.1/src/rp2_common/pico_stdio_uart/stdio_uart.c.o
 .text.stdio_uart_set_chars_available_callback
                0x1000439c       0x84 main/CMakeFiles/pico_emb.dir/home/sol/.pico-sdk/sdk/2.1.1/src/rp2_common/pico_stdio_uart/stdio_uart.c.o
 .text.stdio_uart_init
                0x10004420       0x50 main/CMakeFiles/pico_emb.dir/home/sol/.pico-sdk/sdk/2.1.1/src/rp2_common/pico_stdio_uart/stdio_uart.c.o
                0x10004420                stdio_uart_init
 .text.i2c_write_blocking_internal
                0x10004470      0x1b8 main/CMakeFiles/pico_emb.dir/home/sol/.pico-sdk/sdk/2.1.1/src/rp2_common/hardware_i2c/i2c.c.o
 .text.i2c_read_blocking_internal
                0x10004628      0x100 main/CMakeFiles/pico_emb.dir/home/sol/.pico-sdk/sdk/2.1.1/src/rp2_common/hardware_i2c/i2c.c.o
 .text.i2c_set_baudrate
                0x10004728       0xc0 main/CMakeFiles/pico_emb.dir/home/sol/.pico-sdk/sdk/2.1.1/src/rp2_common/hardware_i2c/i2c.c.o
                0x10004728                i2c_set_baudrate
 .text.i2c_init
                0x100047e8       0x50 main/CMakeFiles/pico_emb.dir/home/sol/.pico-sdk/sdk/2.1.1/src/rp2_common/hardware_i2c/i2c.c.o
                0x100047e8                i2c_init
 .text.i2c_write_blocking_until
                0x10004838       0x48 main/CMakeFiles/pico_emb.dir/home/sol/.pico-sdk/sdk/2.1.1/src/rp2_common/hardware_i2c/i2c.c.o
                0x10004838                i2c_write_blocking_until
 .text.i2c_read_blocking_until
                0x10004880       0x48 main/CMakeFiles/pico_emb.dir/home/sol/.pico-sdk/sdk/2.1.1/src/rp2_common/hardware_i2c/i2c.c.o
                0x10004880                i2c_read_blocking_until
 .text.mpu6050_set_config
                0x100048c8       0x80 mpu6050_lib/libmpu6050_lib.a(mpu6050.c.o)
                0x100048c8                mpu6050_set_config
 .text.mpu6050_init
                0x10004948      0x22c mpu6050_lib/libmpu6050_lib.a(mpu6050.c.o)
                0x10004948                mpu6050_init
 .text.mpu6050_read_raw_accel
                0x10004b74       0xa4 mpu6050_lib/libmpu6050_lib.a(mpu6050.c.o)
                0x10004b74                mpu6050_read_raw_accel
 .text.mpu6050_read_raw_gyro
                0x10004c18       0xa4 mpu6050_lib/libmpu6050_lib.a(mpu6050.c.o)
                0x10004c18                mpu6050_read_raw_gyro
 .text.mpu6050_read_raw_temp
                0x10004cbc       0x98 mpu6050_lib/libmpu6050_lib.a(mpu6050.c.o)
                0x10004cbc                mpu6050_read_raw_temp
 .text.mpu6050_convert_temp_c
                0x10004d54       0x1c mpu6050_lib/libmpu6050_lib.a(mpu6050.c.o)
                0x10004d54                mpu6050_convert_temp_c
 .text.mpu6050_convert_accel_g
                0x10004d70       0x3c mpu6050_lib/libmpu6050_lib.a(mpu6050.c.o)
                0x10004d70                mpu6050_convert_accel_g
 .text.mpu6050_convert_gyro_dps
                0x10004dac       0x3c mpu6050_lib/libmpu6050_lib.a(mpu6050.c.o)
                0x10004dac                mpu6050_convert_gyro_dps
 .text.strlen   0x10004de8       0x5c /home/sol/.pico-sdk/toolchain/14_2_Rel1/bin/../lib/gcc/arm-none-eabi/14.2.1/../../../../arm-none-eabi/lib/thumb/v6-m/nofp/libg.a(libc_a-strlen-stub.o)
                0x10004de8                strlen
 *(.fini)
 .fini          0x10004e44        0x4 /home/sol/.pico-sdk/toolchain/14_2_Rel1/bin/../lib/gcc/arm-none-eabi/14.2.1/thumb/v6-m/nofp/crti.o
                0x10004e44                _fini
 .fini.__stub   0x10004e48       0x40 linker stubs
 *crtbegin.o(.ctors)
 *crtbegin?.o(.ctors)
 *(EXCLUDE_FILE(*crtend.o *crtend?.o) .ctors)
 *(SORT_BY_NAME(.ctors.*))
 *(.ctors)
 *crtbegin.o(.dtors)
 *crtbegin?.o(.dtors)
 *(EXCLUDE_FILE(*crtend.o *crtend?.o) .dtors)
 *(SORT_BY_NAME(.dtors.*))
 *(.dtors)
                0x10004e88                        . = ALIGN (0x4)
                0x10004e88                        PROVIDE (__preinit_array_start = .)
 *(SORT_BY_NAME(.preinit_array.*))
 .preinit_array.00100
                0x10004e88        0x4 main/CMakeFiles/pico_emb.dir/home/sol/.pico-sdk/sdk/2.1.1/src/rp2_common/pico_runtime_init/runtime_init.c.o
                0x10004e88                __pre_init_runtime_init_early_resets
 .preinit_array.00101
                0x10004e8c        0x4 main/CMakeFiles/pico_emb.dir/home/sol/.pico-sdk/sdk/2.1.1/src/rp2_common/pico_runtime_init/runtime_init.c.o
                0x10004e8c                __pre_init_runtime_init_usb_power_down
 .preinit_array.00275
                0x10004e90        0x4 main/CMakeFiles/pico_emb.dir/home/sol/.pico-sdk/sdk/2.1.1/src/rp2_common/pico_bit_ops/bit_ops_aeabi.S.o
 .preinit_array.00300
                0x10004e94        0x4 main/CMakeFiles/pico_emb.dir/home/sol/.pico-sdk/sdk/2.1.1/src/rp2_common/pico_mem_ops/mem_ops_aeabi.S.o
 .preinit_array.00350
                0x10004e98        0x4 main/CMakeFiles/pico_emb.dir/home/sol/.pico-sdk/sdk/2.1.1/src/rp2_common/pico_double/double_aeabi_rp2040.S.o
 .preinit_array.00350
                0x10004e9c        0x4 main/CMakeFiles/pico_emb.dir/home/sol/.pico-sdk/sdk/2.1.1/src/rp2_common/pico_float/float_aeabi_rp2040.S.o
 .preinit_array.00500
                0x10004ea0        0x4 main/CMakeFiles/pico_emb.dir/home/sol/.pico-sdk/sdk/2.1.1/src/rp2_common/pico_runtime_init/runtime_init.c.o
                0x10004ea0                __pre_init_runtime_init_clocks
 .preinit_array.00600
                0x10004ea4        0x4 main/CMakeFiles/pico_emb.dir/home/sol/.pico-sdk/sdk/2.1.1/src/rp2_common/pico_runtime_init/runtime_init.c.o
                0x10004ea4                __pre_init_runtime_init_post_clock_resets
 .preinit_array.00700
                0x10004ea8        0x4 main/CMakeFiles/pico_emb.dir/home/sol/.pico-sdk/sdk/2.1.1/src/rp2_common/pico_runtime_init/runtime_init.c.o
                0x10004ea8                __pre_init_runtime_init_rp2040_gpio_ie_disable
 .preinit_array.01000
                0x10004eac        0x4 main/CMakeFiles/pico_emb.dir/home/sol/.pico-sdk/sdk/2.1.1/src/rp2_common/pico_runtime_init/runtime_init.c.o
                0x10004eac                __pre_init_runtime_init_spin_locks_reset
 .preinit_array.01100
                0x10004eb0        0x4 main/CMakeFiles/pico_emb.dir/home/sol/.pico-sdk/sdk/2.1.1/src/common/pico_sync/mutex.c.o
                0x10004eb0                __pre_init_runtime_init_mutex
 .preinit_array.10080
                0x10004eb4        0x4 main/CMakeFiles/pico_emb.dir/home/sol/.pico-sdk/sdk/2.1.1/src/rp2_common/pico_runtime_init/runtime_init.c.o
                0x10004eb4                __pre_init_runtime_init_install_ram_vector_table
 .preinit_array.11000
                0x10004eb8        0x4 main/CMakeFiles/pico_emb.dir/home/sol/.pico-sdk/sdk/2.1.1/src/common/pico_time/time.c.o
                0x10004eb8                __pre_init_runtime_init_default_alarm_pool
 .preinit_array.YYYYY
                0x10004ebc        0x4 main/CMakeFiles/pico_emb.dir/home/sol/.pico-sdk/sdk/2.1.1/src/rp2_common/pico_runtime/runtime.c.o
                0x10004ebc                __pre_init_first_per_core_initializer
 .preinit_array.ZZZZZ.01200
                0x10004ec0        0x4 main/CMakeFiles/pico_emb.dir/home/sol/.pico-sdk/sdk/2.1.1/src/rp2_common/hardware_irq/irq.c.o
                0x10004ec0                __pre_init_runtime_init_per_core_irq_priorities
 *(.preinit_array)
                0x10004ec4                        PROVIDE (__preinit_array_end = .)
                0x10004ec4                        . = ALIGN (0x4)
                0x10004ec4                        PROVIDE (__init_array_start = .)
 *(SORT_BY_NAME(.init_array.*))
 *(.init_array)
 .init_array    0x10004ec4        0x4 /home/sol/.pico-sdk/toolchain/14_2_Rel1/bin/../lib/gcc/arm-none-eabi/14.2.1/thumb/v6-m/nofp/crtbegin.o
                0x10004ec8                        PROVIDE (__init_array_end = .)
                0x10004ec8                        . = ALIGN (0x4)
                [!provide]                        PROVIDE (__fini_array_start = .)
 *(SORT_BY_NAME(.fini_array.*))
 *(.fini_array)
                [!provide]                        PROVIDE (__fini_array_end = .)
 *(.eh_frame*)
 .eh_frame      0x10004ec8        0x0 /home/sol/.pico-sdk/toolchain/14_2_Rel1/bin/../lib/gcc/arm-none-eabi/14.2.1/thumb/v6-m/nofp/crtbegin.o
                0x10004ec8                        . = ALIGN (0x4)

.glue_7         0x10004ec8        0x0
 .glue_7        0x10004ec8        0x0 linker stubs

.glue_7t        0x10004ec8        0x0
 .glue_7t       0x10004ec8        0x0 linker stubs

.vfp11_veneer   0x10004ec8        0x0
 .vfp11_veneer  0x10004ec8        0x0 linker stubs

.v4_bx          0x10004ec8        0x0
 .v4_bx         0x10004ec8        0x0 linker stubs

.iplt           0x10004ec8        0x0
 .iplt          0x10004ec8        0x0 /home/sol/.pico-sdk/toolchain/14_2_Rel1/bin/../lib/gcc/arm-none-eabi/14.2.1/thumb/v6-m/nofp/crtbegin.o

.rodata         0x10004ec8      0x470
 *(EXCLUDE_FILE(*libm.a: *libc.a:*lib_a-mem*.o *libgcc.a:) .rodata*)
 .rodata.main.str1.4
                0x10004ec8      0x210 main/CMakeFiles/pico_emb.dir/main.c.o
                                0x146 (size before relaxing)
 .rodata.panic.str1.4
                0x100050d8       0x12 main/CMakeFiles/pico_emb.dir/home/sol/.pico-sdk/sdk/2.1.1/src/rp2_common/pico_platform_panic/panic.c.o
 .rodata.timer_hardware_alarm_claim.str1.4
                0x100050d8       0x22 main/CMakeFiles/pico_emb.dir/home/sol/.pico-sdk/sdk/2.1.1/src/rp2_common/hardware_timer/timer.c.o
 .rodata.hard_assertion_failure.str1.4
                0x100050d8        0xc main/CMakeFiles/pico_emb.dir/home/sol/.pico-sdk/sdk/2.1.1/src/rp2_common/pico_runtime/runtime.c.o
 .rodata.str1.4
                0x100050d8       0x40 main/CMakeFiles/pico_emb.dir/home/sol/.pico-sdk/sdk/2.1.1/src/rp2_common/pico_standard_binary_info/standard_binary_info.c.o
 .rodata.__bi_84
                0x100050d8        0xc main/CMakeFiles/pico_emb.dir/home/sol/.pico-sdk/sdk/2.1.1/src/rp2_common/pico_standard_binary_info/standard_binary_info.c.o
 .rodata.__bi_78
                0x100050e4        0xc main/CMakeFiles/pico_emb.dir/home/sol/.pico-sdk/sdk/2.1.1/src/rp2_common/pico_standard_binary_info/standard_binary_info.c.o
 .rodata.__bi_54
                0x100050f0        0xc main/CMakeFiles/pico_emb.dir/home/sol/.pico-sdk/sdk/2.1.1/src/rp2_common/pico_standard_binary_info/standard_binary_info.c.o
 .rodata.__bi_48
                0x100050fc        0xc main/CMakeFiles/pico_emb.dir/home/sol/.pico-sdk/sdk/2.1.1/src/rp2_common/pico_standard_binary_info/standard_binary_info.c.o
 .rodata.__bi_42
                0x10005108        0xc main/CMakeFiles/pico_emb.dir/home/sol/.pico-sdk/sdk/2.1.1/src/rp2_common/pico_standard_binary_info/standard_binary_info.c.o
 .rodata.__bi_34
                0x10005114        0xc main/CMakeFiles/pico_emb.dir/home/sol/.pico-sdk/sdk/2.1.1/src/rp2_common/pico_standard_binary_info/standard_binary_info.c.o
 .rodata.__bi_26
                0x10005120        0xc main/CMakeFiles/pico_emb.dir/home/sol/.pico-sdk/sdk/2.1.1/src/rp2_common/pico_standard_binary_info/standard_binary_info.c.o
 .rodata._ftoa.str1.4
                0x1000512c       0x15 main/CMakeFiles/pico_emb.dir/home/sol/.pico-sdk/sdk/2.1.1/src/rp2_common/pico_printf/printf.c.o
 .rodata._vsnprintf
                0x1000512c      0x19c main/CMakeFiles/pico_emb.dir/home/sol/.pico-sdk/sdk/2.1.1/src/rp2_common/pico_printf/printf.c.o
 .rodata.pow10.0
                0x100052c8       0x50 main/CMakeFiles/pico_emb.dir/home/sol/.pico-sdk/sdk/2.1.1/src/rp2_common/pico_printf/printf.c.o
 .rodata.crlf_str.0
                0x10005318        0x2 main/CMakeFiles/pico_emb.dir/home/sol/.pico-sdk/sdk/2.1.1/src/rp2_common/pico_stdio/stdio.c.o
 .rodata.str1.4
                0x1000531a       0x2c main/CMakeFiles/pico_emb.dir/home/sol/.pico-sdk/sdk/2.1.1/src/rp2_common/pico_stdio_uart/stdio_uart.c.o
 *fill*         0x1000531a        0x2 
 .rodata.__bi_45.4
                0x1000531c        0xc main/CMakeFiles/pico_emb.dir/home/sol/.pico-sdk/sdk/2.1.1/src/rp2_common/pico_stdio_uart/stdio_uart.c.o
 .rodata.__bi_49.5
                0x10005328        0x8 main/CMakeFiles/pico_emb.dir/home/sol/.pico-sdk/sdk/2.1.1/src/rp2_common/pico_stdio_uart/stdio_uart.c.o
 .rodata.__bi_50.6
                0x10005330        0x8 main/CMakeFiles/pico_emb.dir/home/sol/.pico-sdk/sdk/2.1.1/src/rp2_common/pico_stdio_uart/stdio_uart.c.o
                0x10005338                        . = ALIGN (0x4)
 *(SORT_BY_ALIGNMENT(SORT_BY_NAME(.flashdata*)))
                0x10005338                        . = ALIGN (0x4)

.ARM.extab
 *(.ARM.extab* .gnu.linkonce.armextab.*)
                0x10005338                        __exidx_start = .

.ARM.exidx
 *(.ARM.exidx* .gnu.linkonce.armexidx.*)
                0x10005338                        __exidx_end = .
                0x10005338                        . = ALIGN (0x4)
                0x10005338                        __binary_info_start = .

.binary_info    0x10005338       0x28
 *(.binary_info.keep.*)
 .binary_info.keep.__bi_ptr84
                0x10005338        0x4 main/CMakeFiles/pico_emb.dir/home/sol/.pico-sdk/sdk/2.1.1/src/rp2_common/pico_standard_binary_info/standard_binary_info.c.o
 .binary_info.keep.__bi_ptr78
                0x1000533c        0x4 main/CMakeFiles/pico_emb.dir/home/sol/.pico-sdk/sdk/2.1.1/src/rp2_common/pico_standard_binary_info/standard_binary_info.c.o
 .binary_info.keep.__bi_ptr54
                0x10005340        0x4 main/CMakeFiles/pico_emb.dir/home/sol/.pico-sdk/sdk/2.1.1/src/rp2_common/pico_standard_binary_info/standard_binary_info.c.o
 .binary_info.keep.__bi_ptr48
                0x10005344        0x4 main/CMakeFiles/pico_emb.dir/home/sol/.pico-sdk/sdk/2.1.1/src/rp2_common/pico_standard_binary_info/standard_binary_info.c.o
 .binary_info.keep.__bi_ptr42
                0x10005348        0x4 main/CMakeFiles/pico_emb.dir/home/sol/.pico-sdk/sdk/2.1.1/src/rp2_common/pico_standard_binary_info/standard_binary_info.c.o
 .binary_info.keep.__bi_ptr34
                0x1000534c        0x4 main/CMakeFiles/pico_emb.dir/home/sol/.pico-sdk/sdk/2.1.1/src/rp2_common/pico_standard_binary_info/standard_binary_info.c.o
 .binary_info.keep.__bi_ptr26
                0x10005350        0x4 main/CMakeFiles/pico_emb.dir/home/sol/.pico-sdk/sdk/2.1.1/src/rp2_common/pico_standard_binary_info/standard_binary_info.c.o
 *(.binary_info.*)
 .binary_info.__bi_ptr50
                0x10005354        0x4 main/CMakeFiles/pico_emb.dir/home/sol/.pico-sdk/sdk/2.1.1/src/rp2_common/pico_stdio_uart/stdio_uart.c.o
 .binary_info.__bi_ptr49
                0x10005358        0x4 main/CMakeFiles/pico_emb.dir/home/sol/.pico-sdk/sdk/2.1.1/src/rp2_common/pico_stdio_uart/stdio_uart.c.o
 .binary_info.__bi_ptr45
                0x1000535c        0x4 main/CMakeFiles/pico_emb.dir/home/sol/.pico-sdk/sdk/2.1.1/src/rp2_common/pico_stdio_uart/stdio_uart.c.o
                0x10005360                        __binary_info_end = .

.rel.dyn        0x10005360        0x0
 .rel.iplt      0x10005360        0x0 /home/sol/.pico-sdk/toolchain/14_2_Rel1/bin/../lib/gcc/arm-none-eabi/14.2.1/thumb/v6-m/nofp/crtbegin.o
                0x10005360                        . = ALIGN (0x4)

.ram_vector_table
                0x20000000       0xc0
 *(.ram_vector_table)
 .ram_vector_table
                0x20000000       0xc0 main/CMakeFiles/pico_emb.dir/home/sol/.pico-sdk/sdk/2.1.1/src/rp2_common/pico_runtime_init/runtime_init.c.o
                0x20000000                ram_vector_table

.uninitialized_data
                0x200000c0        0x0
                0x200000c0                        . = ALIGN (0x4)
 *(.uninitialized_data*)

.data           0x200000c0      0x188 load address 0x10005360
                0x200000c0                        __data_start__ = .
 *(vtable)
 *(.time_critical*)
 .time_critical.mutex_try_enter_block_until
                0x200000c0       0x98 main/CMakeFiles/pico_emb.dir/home/sol/.pico-sdk/sdk/2.1.1/src/common/pico_sync/mutex.c.o
                0x200000c0                mutex_try_enter_block_until
 .time_critical.mutex_exit
                0x20000158       0x28 main/CMakeFiles/pico_emb.dir/home/sol/.pico-sdk/sdk/2.1.1/src/common/pico_sync/mutex.c.o
                0x20000158                mutex_exit
 *(.text*)
 .text          0x20000180        0x4 /home/sol/.pico-sdk/toolchain/14_2_Rel1/bin/../lib/gcc/arm-none-eabi/14.2.1/thumb/v6-m/nofp/libgcc.a(_dvmd_tls.o)
                0x20000180                __aeabi_ldiv0
                0x20000180                __aeabi_idiv0
 *fill*         0x20000184        0x4 
 .text.__stub   0x20000188       0x10 linker stubs
                0x20000198                        . = ALIGN (0x4)
 *(.rodata*)
                0x20000198                        . = ALIGN (0x4)
 *(.data*)
 .data.striped_spin_lock_num
                0x20000198        0x1 main/CMakeFiles/pico_emb.dir/home/sol/.pico-sdk/sdk/2.1.1/src/rp2_common/hardware_sync/sync.c.o
 *fill*         0x20000199        0x3 
 .data          0x2000019c       0x48 main/CMakeFiles/pico_emb.dir/home/sol/.pico-sdk/sdk/2.1.1/src/rp2_common/hardware_irq/irq_handler_chain.S.o
                0x2000019c                irq_handler_chain_slots
                0x200001cc                irq_handler_chain_first_slot
                0x200001d6                irq_handler_chain_remove_tail
 .data.default_alarm_pool
                0x200001e4       0x18 main/CMakeFiles/pico_emb.dir/home/sol/.pico-sdk/sdk/2.1.1/src/common/pico_time/time.c.o
 *fill*         0x200001fc        0x4 
 .data.aeabi_bits_funcs
                0x20000200       0x10 main/CMakeFiles/pico_emb.dir/home/sol/.pico-sdk/sdk/2.1.1/src/rp2_common/pico_bit_ops/bit_ops_aeabi.S.o
                0x20000200                aeabi_bits_funcs
                0x20000210                aeabi_bits_funcs_end
 .data.aeabi_mem_funcs
                0x20000210       0x10 main/CMakeFiles/pico_emb.dir/home/sol/.pico-sdk/sdk/2.1.1/src/rp2_common/pico_mem_ops/mem_ops_aeabi.S.o
                0x20000210                aeabi_mem_funcs
                0x20000220                aeabi_mem_funcs_end
 .data.stdio_uart
                0x20000220       0x18 main/CMakeFiles/pico_emb.dir/home/sol/.pico-sdk/sdk/2.1.1/src/rp2_common/pico_stdio_uart/stdio_uart.c.o
                0x20000220                stdio_uart
 .data.i2c0_inst
                0x20000238        0x8 main/CMakeFiles/pico_emb.dir/home/sol/.pico-sdk/sdk/2.1.1/src/rp2_common/hardware_i2c/i2c.c.o
                0x20000238                i2c0_inst
                0x20000240                        . = ALIGN (0x4)
 *(.after_data.*)
                0x20000240                        . = ALIGN (0x4)
                0x20000240                        PROVIDE (__mutex_array_start = .)
 *(SORT_BY_NAME(.mutex_array.*))
 *(.mutex_array)
 .mutex_array   0x20000240        0x8 main/CMakeFiles/pico_emb.dir/home/sol/.pico-sdk/sdk/2.1.1/src/rp2_common/pico_stdio/stdio.c.o
                0x20000248                        PROVIDE (__mutex_array_end = .)
                0x20000248                        . = ALIGN (0x4)
 *(.jcr)
                0x20000248                        . = ALIGN (0x4)

.tm_clone_table
                0x20000248        0x0 load address 0x100054e8
 .tm_clone_table
                0x20000248        0x0 /home/sol/.pico-sdk/toolchain/14_2_Rel1/bin/../lib/gcc/arm-none-eabi/14.2.1/thumb/v6-m/nofp/crtbegin.o
 .tm_clone_table
                0x20000248        0x0 /home/sol/.pico-sdk/toolchain/14_2_Rel1/bin/../lib/gcc/arm-none-eabi/14.2.1/thumb/v6-m/nofp/crtend.o

.igot.plt       0x20000248        0x0 load address 0x100054e8
 .igot.plt      0x20000248        0x0 /home/sol/.pico-sdk/toolchain/14_2_Rel1/bin/../lib/gcc/arm-none-eabi/14.2.1/thumb/v6-m/nofp/crtbegin.o

.tdata          0x20000248        0x0 load address 0x100054e8
                0x20000248                        . = ALIGN (0x4)
 *(.tdata .tdata.* .gnu.linkonce.td.*)
                0x20000248                        __tdata_end = .
                0x20000248                        PROVIDE (__data_end__ = .)
                0x10005360                        __etext = LOADADDR (.data)

.tbss           0x20000248        0x0 load address 0x100054e8
                0x20000248                        . = ALIGN (0x4)
                0x20000248                        __bss_start__ = .
                0x20000248                        __tls_base = .
 *(.tbss .tbss.* .gnu.linkonce.tb.*)
 *(.tcommon)
                0x20000248                        __tls_end = .

.bss            0x20000248      0x3fc load address 0x100054e8
                0x20000248                        . = ALIGN (0x4)
                0x20000248                        __tbss_end = .
 *(SORT_BY_ALIGNMENT(SORT_BY_NAME(.bss*)))
 .bss.default_alarm_pool_entries
                0x20000248      0x180 main/CMakeFiles/pico_emb.dir/home/sol/.pico-sdk/sdk/2.1.1/src/common/pico_time/time.c.o
 .bss.sd_table  0x200003c8      0x100 main/CMakeFiles/pico_emb.dir/home/sol/.pico-sdk/sdk/2.1.1/src/rp2_common/pico_double/double_init_rom_rp2040.c.o
                0x200003c8                sd_table
 .bss.sf_table  0x200004c8      0x100 main/CMakeFiles/pico_emb.dir/home/sol/.pico-sdk/sdk/2.1.1/src/rp2_common/pico_float/float_init_rom_rp2040.c.o
                0x200004c8                sf_table
 .bss.chars_available_callback
                0x200005c8        0x4 main/CMakeFiles/pico_emb.dir/home/sol/.pico-sdk/sdk/2.1.1/src/rp2_common/pico_stdio_uart/stdio_uart.c.o
 .bss.chars_available_param
                0x200005cc        0x4 main/CMakeFiles/pico_emb.dir/home/sol/.pico-sdk/sdk/2.1.1/src/rp2_common/pico_stdio_uart/stdio_uart.c.o
 .bss.claimed   0x200005d0        0x1 main/CMakeFiles/pico_emb.dir/home/sol/.pico-sdk/sdk/2.1.1/src/rp2_common/hardware_timer/timer.c.o
 *fill*         0x200005d1        0x3 
 .bss.configured_freq
                0x200005d4       0x28 main/CMakeFiles/pico_emb.dir/home/sol/.pico-sdk/sdk/2.1.1/src/rp2_common/hardware_clocks/clocks.c.o
 .bss.drivers   0x200005fc        0x4 main/CMakeFiles/pico_emb.dir/home/sol/.pico-sdk/sdk/2.1.1/src/rp2_common/pico_stdio/stdio.c.o
 .bss.filter    0x20000600        0x4 main/CMakeFiles/pico_emb.dir/home/sol/.pico-sdk/sdk/2.1.1/src/rp2_common/pico_stdio/stdio.c.o
 .bss.lazy_vsnprintf
                0x20000604        0x4 main/CMakeFiles/pico_emb.dir/home/sol/.pico-sdk/sdk/2.1.1/src/rp2_common/pico_printf/printf.c.o
 .bss.object.0  0x20000608       0x18 /home/sol/.pico-sdk/toolchain/14_2_Rel1/bin/../lib/gcc/arm-none-eabi/14.2.1/thumb/v6-m/nofp/crtbegin.o
 .bss.pools     0x20000620       0x10 main/CMakeFiles/pico_emb.dir/home/sol/.pico-sdk/sdk/2.1.1/src/common/pico_time/time.c.o
 .bss.sf_clz_func
                0x20000630        0x4 main/CMakeFiles/pico_emb.dir/home/sol/.pico-sdk/sdk/2.1.1/src/rp2_common/pico_double/double_init_rom_rp2040.c.o
                0x20000630                sf_clz_func
 .bss.sleep_notifier
                0x20000634        0x4 main/CMakeFiles/pico_emb.dir/home/sol/.pico-sdk/sdk/2.1.1/src/common/pico_time/time.c.o
 .bss.uart_char_to_line_feed
                0x20000638        0x4 main/CMakeFiles/pico_emb.dir/home/sol/.pico-sdk/sdk/2.1.1/src/rp2_common/hardware_uart/uart.c.o
                0x20000638                uart_char_to_line_feed
 .bss.uart_instance
                0x2000063c        0x4 main/CMakeFiles/pico_emb.dir/home/sol/.pico-sdk/sdk/2.1.1/src/rp2_common/pico_stdio_uart/stdio_uart.c.o
 .bss.irq_handler_chain_free_slot_head
                0x20000640        0x1 main/CMakeFiles/pico_emb.dir/home/sol/.pico-sdk/sdk/2.1.1/src/rp2_common/hardware_irq/irq.c.o
 *(COMMON)
                0x20000644                        . = ALIGN (0x4)
 *fill*         0x20000641        0x3 
                0x20000644                        __bss_end__ = .

.heap           0x20000644      0x800 load address 0x100054e8
                0x20000644                        __end__ = .
                0x20000644                        end = __end__
 *(.heap*)
 .heap          0x20000644      0x800 main/CMakeFiles/pico_emb.dir/home/sol/.pico-sdk/sdk/2.1.1/src/rp2_common/pico_crt0/crt0.S.o
                0x20040000                        __HeapLimit = (ORIGIN (RAM) + LENGTH (RAM))

.scratch_x      0x20040000        0x0 load address 0x100054e8
                0x20040000                        __scratch_x_start__ = .
 *(.scratch_x.*)
                0x20040000                        . = ALIGN (0x4)
                0x20040000                        __scratch_x_end__ = .
                0x100054e8                        __scratch_x_source__ = LOADADDR (.scratch_x)

.scratch_y      0x20041000        0x0 load address 0x100054e8
                0x20041000                        __scratch_y_start__ = .
 *(.scratch_y.*)
                0x20041000                        . = ALIGN (0x4)
                0x20041000                        __scratch_y_end__ = .
                0x100054e8                        __scratch_y_source__ = LOADADDR (.scratch_y)

.stack1_dummy
 *(.stack1*)

.stack_dummy    0x20041000      0x800
 *(.stack*)
 .stack         0x20041000      0x800 main/CMakeFiles/pico_emb.dir/home/sol/.pico-sdk/sdk/2.1.1/src/rp2_common/pico_crt0/crt0.S.o

.flash_end      0x100054e8        0x0
 *(.embedded_end_block*)
                0x100054e8                        PROVIDE (__flash_binary_end = .)
                0x20040000                        __StackLimit = (ORIGIN (RAM) + LENGTH (RAM))
                0x20041000                        __StackOneTop = (ORIGIN (SCRATCH_X) + LENGTH (SCRATCH_X))
                0x20042000                        __StackTop = (ORIGIN (SCRATCH_Y) + LENGTH (SCRATCH_Y))
                0x20041000                        __StackOneBottom = (__StackOneTop - SIZEOF (.stack1_dummy))
                0x20041800                        __StackBottom = (__StackTop - SIZEOF (.stack_dummy))
                0x20042000                        PROVIDE (__stack = __StackTop)
                [!provide]                        PROVIDE (__heap_start = __end__)
                [!provide]                        PROVIDE (__heap_end = __HeapLimit)
                [!provide]                        PROVIDE (__tls_align = MAX (ALIGNOF (.tdata), ALIGNOF (.tbss)))
                [!provide]                        PROVIDE (__tls_size_align = (((__tls_size + __tls_align) - 0x1) & ~ ((__tls_align - 0x1))))
                [!provide]                        PROVIDE (__arm32_tls_tcb_offset = MAX (0x8, __tls_align))
                [!provide]                        PROVIDE (_end = __end__)
                [!provide]                        PROVIDE (__llvm_libc_heap_limit = __HeapLimit)
                0x00000001                        ASSERT ((__StackLimit >= __HeapLimit), region RAM overflowed)
                0x00000001                        ASSERT (((__binary_info_header_end - __logical_binary_start) <= 0x100), Binary info must be in first 256 bytes of the binary)
LOAD main/CMakeFiles/pico_emb.dir/main.c.o
LOAD main/CMakeFiles/pico_emb.dir/home/sol/.pico-sdk/sdk/2.1.1/src/rp2_common/pico_stdlib/stdlib.c.o
LOAD main/CMakeFiles/pico_emb.dir/home/sol/.pico-sdk/sdk/2.1.1/src/rp2_common/hardware_gpio/gpio.c.o
LOAD main/CMakeFiles/pico_emb.dir/home/sol/.pico-sdk/sdk/2.1.1/src/rp2040/pico_platform/platform.c.o
LOAD main/CMakeFiles/pico_emb.dir/home/sol/.pico-sdk/sdk/2.1.1/src/rp2_common/pico_platform_panic/panic.c.o
LOAD main/CMakeFiles/pico_emb.dir/home/sol/.pico-sdk/sdk/2.1.1/src/common/hardware_claim/claim.c.o
LOAD main/CMakeFiles/pico_emb.dir/home/sol/.pico-sdk/sdk/2.1.1/src/rp2_common/hardware_sync/sync.c.o
LOAD main/CMakeFiles/pico_emb.dir/home/sol/.pico-sdk/sdk/2.1.1/src/rp2_common/hardware_sync_spin_lock/sync_spin_lock.c.o
LOAD main/CMakeFiles/pico_emb.dir/home/sol/.pico-sdk/sdk/2.1.1/src/rp2_common/hardware_irq/irq.c.o
LOAD main/CMakeFiles/pico_emb.dir/home/sol/.pico-sdk/sdk/2.1.1/src/rp2_common/hardware_irq/irq_handler_chain.S.o
LOAD main/CMakeFiles/pico_emb.dir/home/sol/.pico-sdk/sdk/2.1.1/src/common/pico_sync/sem.c.o
LOAD main/CMakeFiles/pico_emb.dir/home/sol/.pico-sdk/sdk/2.1.1/src/common/pico_sync/lock_core.c.o
LOAD main/CMakeFiles/pico_emb.dir/home/sol/.pico-sdk/sdk/2.1.1/src/common/pico_sync/mutex.c.o
LOAD main/CMakeFiles/pico_emb.dir/home/sol/.pico-sdk/sdk/2.1.1/src/common/pico_sync/critical_section.c.o
LOAD main/CMakeFiles/pico_emb.dir/home/sol/.pico-sdk/sdk/2.1.1/src/common/pico_time/time.c.o
LOAD main/CMakeFiles/pico_emb.dir/home/sol/.pico-sdk/sdk/2.1.1/src/common/pico_time/timeout_helper.c.o
LOAD main/CMakeFiles/pico_emb.dir/home/sol/.pico-sdk/sdk/2.1.1/src/rp2_common/hardware_timer/timer.c.o
LOAD main/CMakeFiles/pico_emb.dir/home/sol/.pico-sdk/sdk/2.1.1/src/common/pico_util/datetime.c.o
LOAD main/CMakeFiles/pico_emb.dir/home/sol/.pico-sdk/sdk/2.1.1/src/common/pico_util/pheap.c.o
LOAD main/CMakeFiles/pico_emb.dir/home/sol/.pico-sdk/sdk/2.1.1/src/common/pico_util/queue.c.o
LOAD main/CMakeFiles/pico_emb.dir/home/sol/.pico-sdk/sdk/2.1.1/src/rp2_common/hardware_uart/uart.c.o
LOAD main/CMakeFiles/pico_emb.dir/home/sol/.pico-sdk/sdk/2.1.1/src/rp2_common/hardware_clocks/clocks.c.o
LOAD main/CMakeFiles/pico_emb.dir/home/sol/.pico-sdk/sdk/2.1.1/src/rp2_common/hardware_pll/pll.c.o
LOAD main/CMakeFiles/pico_emb.dir/home/sol/.pico-sdk/sdk/2.1.1/src/rp2_common/hardware_vreg/vreg.c.o
LOAD main/CMakeFiles/pico_emb.dir/home/sol/.pico-sdk/sdk/2.1.1/src/rp2_common/hardware_watchdog/watchdog.c.o
LOAD main/CMakeFiles/pico_emb.dir/home/sol/.pico-sdk/sdk/2.1.1/src/rp2_common/hardware_ticks/ticks.c.o
LOAD main/CMakeFiles/pico_emb.dir/home/sol/.pico-sdk/sdk/2.1.1/src/rp2_common/pico_bootrom/bootrom.c.o
LOAD main/CMakeFiles/pico_emb.dir/home/sol/.pico-sdk/sdk/2.1.1/src/rp2_common/pico_bootrom/bootrom_lock.c.o
LOAD main/CMakeFiles/pico_emb.dir/home/sol/.pico-sdk/sdk/2.1.1/src/rp2_common/hardware_boot_lock/boot_lock.c.o
LOAD main/CMakeFiles/pico_emb.dir/home/sol/.pico-sdk/sdk/2.1.1/src/rp2_common/pico_flash/flash.c.o
LOAD main/CMakeFiles/pico_emb.dir/home/sol/.pico-sdk/sdk/2.1.1/src/rp2_common/hardware_xosc/xosc.c.o
LOAD main/CMakeFiles/pico_emb.dir/home/sol/.pico-sdk/sdk/2.1.1/src/rp2_common/hardware_divider/divider.S.o
LOAD main/CMakeFiles/pico_emb.dir/home/sol/.pico-sdk/sdk/2.1.1/src/rp2_common/pico_runtime/runtime.c.o
LOAD main/CMakeFiles/pico_emb.dir/home/sol/.pico-sdk/sdk/2.1.1/src/rp2_common/pico_runtime_init/runtime_init.c.o
LOAD main/CMakeFiles/pico_emb.dir/home/sol/.pico-sdk/sdk/2.1.1/src/rp2_common/pico_runtime_init/runtime_init_clocks.c.o
LOAD main/CMakeFiles/pico_emb.dir/home/sol/.pico-sdk/sdk/2.1.1/src/rp2_common/pico_runtime_init/runtime_init_stack_guard.c.o
LOAD main/CMakeFiles/pico_emb.dir/home/sol/.pico-sdk/sdk/2.1.1/src/rp2_common/pico_bit_ops/bit_ops_aeabi.S.o
LOAD main/CMakeFiles/pico_emb.dir/home/sol/.pico-sdk/sdk/2.1.1/src/rp2_common/pico_divider/divider_hardware.S.o
LOAD main/CMakeFiles/pico_emb.dir/home/sol/.pico-sdk/sdk/2.1.1/src/rp2_common/pico_double/double_aeabi_rp2040.S.o
LOAD main/CMakeFiles/pico_emb.dir/home/sol/.pico-sdk/sdk/2.1.1/src/rp2_common/pico_double/double_init_rom_rp2040.c.o
LOAD main/CMakeFiles/pico_emb.dir/home/sol/.pico-sdk/sdk/2.1.1/src/rp2_common/pico_double/double_math.c.o
LOAD main/CMakeFiles/pico_emb.dir/home/sol/.pico-sdk/sdk/2.1.1/src/rp2_common/pico_double/double_v1_rom_shim_rp2040.S.o
LOAD main/CMakeFiles/pico_emb.dir/home/sol/.pico-sdk/sdk/2.1.1/src/rp2_common/pico_int64_ops/pico_int64_ops_aeabi.S.o
LOAD main/CMakeFiles/pico_emb.dir/home/sol/.pico-sdk/sdk/2.1.1/src/rp2_common/pico_float/float_aeabi_rp2040.S.o
LOAD main/CMakeFiles/pico_emb.dir/home/sol/.pico-sdk/sdk/2.1.1/src/rp2_common/pico_float/float_init_rom_rp2040.c.o
LOAD main/CMakeFiles/pico_emb.dir/home/sol/.pico-sdk/sdk/2.1.1/src/rp2_common/pico_float/float_math.c.o
LOAD main/CMakeFiles/pico_emb.dir/home/sol/.pico-sdk/sdk/2.1.1/src/rp2_common/pico_float/float_v1_rom_shim_rp2040.S.o
LOAD main/CMakeFiles/pico_emb.dir/home/sol/.pico-sdk/sdk/2.1.1/src/rp2_common/pico_malloc/malloc.c.o
LOAD main/CMakeFiles/pico_emb.dir/home/sol/.pico-sdk/sdk/2.1.1/src/rp2_common/pico_mem_ops/mem_ops_aeabi.S.o
LOAD main/CMakeFiles/pico_emb.dir/home/sol/.pico-sdk/sdk/2.1.1/src/rp2_common/pico_atomic/atomic.c.o
LOAD main/CMakeFiles/pico_emb.dir/home/sol/.pico-sdk/sdk/2.1.1/src/rp2_common/pico_cxx_options/new_delete.cpp.o
LOAD main/CMakeFiles/pico_emb.dir/home/sol/.pico-sdk/sdk/2.1.1/src/rp2_common/pico_standard_binary_info/standard_binary_info.c.o
LOAD main/CMakeFiles/pico_emb.dir/home/sol/.pico-sdk/sdk/2.1.1/src/rp2_common/pico_printf/printf.c.o
LOAD main/CMakeFiles/pico_emb.dir/home/sol/.pico-sdk/sdk/2.1.1/src/rp2_common/pico_crt0/crt0.S.o
LOAD main/CMakeFiles/pico_emb.dir/home/sol/.pico-sdk/sdk/2.1.1/src/rp2_common/pico_clib_interface/newlib_interface.c.o
LOAD main/CMakeFiles/pico_emb.dir/home/sol/.pico-sdk/sdk/2.1.1/src/rp2_common/pico_stdio/stdio.c.o
LOAD main/CMakeFiles/pico_emb.dir/home/sol/.pico-sdk/sdk/2.1.1/src/rp2_common/pico_stdio_uart/stdio_uart.c.o
LOAD main/CMakeFiles/pico_emb.dir/home/sol/.pico-sdk/sdk/2.1.1/src/rp2_common/hardware_i2c/i2c.c.o
LOAD pico-sdk/src/rp2040/boot_stage2/CMakeFiles/bs2_default_library.dir/./bs2_default_padded_checksummed.S.o
LOAD freertos/libfreertos.a
LOAD mpu6050_lib/libmpu6050_lib.a
LOAD /home/sol/.pico-sdk/toolchain/14_2_Rel1/bin/../lib/gcc/arm-none-eabi/14.2.1/../../../../arm-none-eabi/lib/thumb/v6-m/nofp/libstdc++.a
LOAD /home/sol/.pico-sdk/toolchain/14_2_Rel1/bin/../lib/gcc/arm-none-eabi/14.2.1/../../../../arm-none-eabi/lib/thumb/v6-m/nofp/libm.a
START GROUP
LOAD /home/sol/.pico-sdk/toolchain/14_2_Rel1/bin/../lib/gcc/arm-none-eabi/14.2.1/thumb/v6-m/nofp/libgcc.a
LOAD /home/sol/.pico-sdk/toolchain/14_2_Rel1/bin/../lib/gcc/arm-none-eabi/14.2.1/../../../../arm-none-eabi/lib/thumb/v6-m/nofp/libg.a
LOAD /home/sol/.pico-sdk/toolchain/14_2_Rel1/bin/../lib/gcc/arm-none-eabi/14.2.1/../../../../arm-none-eabi/lib/thumb/v6-m/nofp/libc.a
END GROUP
START GROUP
LOAD /home/sol/.pico-sdk/toolchain/14_2_Rel1/bin/../lib/gcc/arm-none-eabi/14.2.1/thumb/v6-m/nofp/libgcc.a
LOAD /home/sol/.pico-sdk/toolchain/14_2_Rel1/bin/../lib/gcc/arm-none-eabi/14.2.1/../../../../arm-none-eabi/lib/thumb/v6-m/nofp/libc.a
LOAD /home/sol/.pico-sdk/toolchain/14_2_Rel1/bin/../lib/gcc/arm-none-eabi/14.2.1/../../../../arm-none-eabi/lib/thumb/v6-m/nofp/libnosys.a
END GROUP
LOAD /home/sol/.pico-sdk/toolchain/14_2_Rel1/bin/../lib/gcc/arm-none-eabi/14.2.1/thumb/v6-m/nofp/crtend.o
LOAD /home/sol/.pico-sdk/toolchain/14_2_Rel1/bin/../lib/gcc/arm-none-eabi/14.2.1/thumb/v6-m/nofp/crtn.o
OUTPUT(/home/sol/Desktop/insper/embarcados/projeto/25a-emb-expert-1-gabrielgsn/main/pico_emb.elf elf32-littlearm)
LOAD linker stubs

.ARM.attributes
                0x00000000       0x28
 .ARM.attributes
                0x00000000       0x1e /home/sol/.pico-sdk/toolchain/14_2_Rel1/bin/../lib/gcc/arm-none-eabi/14.2.1/thumb/v6-m/nofp/crti.o
 .ARM.attributes
                0x0000001e       0x2c /home/sol/.pico-sdk/toolchain/14_2_Rel1/bin/../lib/gcc/arm-none-eabi/14.2.1/thumb/v6-m/nofp/crtbegin.o
 .ARM.attributes
                0x0000004a       0x2c main/CMakeFiles/pico_emb.dir/main.c.o
 .ARM.attributes
                0x00000076       0x2c main/CMakeFiles/pico_emb.dir/home/sol/.pico-sdk/sdk/2.1.1/src/rp2_common/hardware_gpio/gpio.c.o
 .ARM.attributes
                0x000000a2       0x2c main/CMakeFiles/pico_emb.dir/home/sol/.pico-sdk/sdk/2.1.1/src/rp2_common/pico_platform_panic/panic.c.o
 .ARM.attributes
                0x000000ce       0x2c main/CMakeFiles/pico_emb.dir/home/sol/.pico-sdk/sdk/2.1.1/src/common/hardware_claim/claim.c.o
 .ARM.attributes
                0x000000fa       0x2c main/CMakeFiles/pico_emb.dir/home/sol/.pico-sdk/sdk/2.1.1/src/rp2_common/hardware_sync/sync.c.o
 .ARM.attributes
                0x00000126       0x2c main/CMakeFiles/pico_emb.dir/home/sol/.pico-sdk/sdk/2.1.1/src/rp2_common/hardware_sync_spin_lock/sync_spin_lock.c.o
 .ARM.attributes
                0x00000152       0x2c main/CMakeFiles/pico_emb.dir/home/sol/.pico-sdk/sdk/2.1.1/src/rp2_common/hardware_irq/irq.c.o
 .ARM.attributes
                0x0000017e       0x22 main/CMakeFiles/pico_emb.dir/home/sol/.pico-sdk/sdk/2.1.1/src/rp2_common/hardware_irq/irq_handler_chain.S.o
 .ARM.attributes
                0x000001a0       0x2c main/CMakeFiles/pico_emb.dir/home/sol/.pico-sdk/sdk/2.1.1/src/common/pico_sync/lock_core.c.o
 .ARM.attributes
                0x000001cc       0x2c main/CMakeFiles/pico_emb.dir/home/sol/.pico-sdk/sdk/2.1.1/src/common/pico_sync/mutex.c.o
 .ARM.attributes
                0x000001f8       0x2c main/CMakeFiles/pico_emb.dir/home/sol/.pico-sdk/sdk/2.1.1/src/common/pico_time/time.c.o
 .ARM.attributes
                0x00000224       0x2c main/CMakeFiles/pico_emb.dir/home/sol/.pico-sdk/sdk/2.1.1/src/common/pico_time/timeout_helper.c.o
 .ARM.attributes
                0x00000250       0x2c main/CMakeFiles/pico_emb.dir/home/sol/.pico-sdk/sdk/2.1.1/src/rp2_common/hardware_timer/timer.c.o
 .ARM.attributes
                0x0000027c       0x2c main/CMakeFiles/pico_emb.dir/home/sol/.pico-sdk/sdk/2.1.1/src/rp2_common/hardware_uart/uart.c.o
 .ARM.attributes
                0x000002a8       0x2c main/CMakeFiles/pico_emb.dir/home/sol/.pico-sdk/sdk/2.1.1/src/rp2_common/hardware_clocks/clocks.c.o
 .ARM.attributes
                0x000002d4       0x2c main/CMakeFiles/pico_emb.dir/home/sol/.pico-sdk/sdk/2.1.1/src/rp2_common/hardware_pll/pll.c.o
 .ARM.attributes
                0x00000300       0x2c main/CMakeFiles/pico_emb.dir/home/sol/.pico-sdk/sdk/2.1.1/src/rp2_common/hardware_ticks/ticks.c.o
 .ARM.attributes
                0x0000032c       0x2c main/CMakeFiles/pico_emb.dir/home/sol/.pico-sdk/sdk/2.1.1/src/rp2_common/pico_bootrom/bootrom.c.o
 .ARM.attributes
                0x00000358       0x2c main/CMakeFiles/pico_emb.dir/home/sol/.pico-sdk/sdk/2.1.1/src/rp2_common/hardware_xosc/xosc.c.o
 .ARM.attributes
                0x00000384       0x2c main/CMakeFiles/pico_emb.dir/home/sol/.pico-sdk/sdk/2.1.1/src/rp2_common/pico_runtime/runtime.c.o
 .ARM.attributes
                0x000003b0       0x2c main/CMakeFiles/pico_emb.dir/home/sol/.pico-sdk/sdk/2.1.1/src/rp2_common/pico_runtime_init/runtime_init.c.o
 .ARM.attributes
                0x000003dc       0x2c main/CMakeFiles/pico_emb.dir/home/sol/.pico-sdk/sdk/2.1.1/src/rp2_common/pico_runtime_init/runtime_init_clocks.c.o
 .ARM.attributes
                0x00000408       0x22 main/CMakeFiles/pico_emb.dir/home/sol/.pico-sdk/sdk/2.1.1/src/rp2_common/pico_bit_ops/bit_ops_aeabi.S.o
 .ARM.attributes
                0x0000042a       0x22 main/CMakeFiles/pico_emb.dir/home/sol/.pico-sdk/sdk/2.1.1/src/rp2_common/pico_divider/divider_hardware.S.o
 .ARM.attributes
                0x0000044c       0x22 main/CMakeFiles/pico_emb.dir/home/sol/.pico-sdk/sdk/2.1.1/src/rp2_common/pico_double/double_aeabi_rp2040.S.o
 .ARM.attributes
                0x0000046e       0x2c main/CMakeFiles/pico_emb.dir/home/sol/.pico-sdk/sdk/2.1.1/src/rp2_common/pico_double/double_init_rom_rp2040.c.o
 .ARM.attributes
                0x0000049a       0x22 main/CMakeFiles/pico_emb.dir/home/sol/.pico-sdk/sdk/2.1.1/src/rp2_common/pico_double/double_v1_rom_shim_rp2040.S.o
 .ARM.attributes
                0x000004bc       0x22 main/CMakeFiles/pico_emb.dir/home/sol/.pico-sdk/sdk/2.1.1/src/rp2_common/pico_int64_ops/pico_int64_ops_aeabi.S.o
 .ARM.attributes
                0x000004de       0x22 main/CMakeFiles/pico_emb.dir/home/sol/.pico-sdk/sdk/2.1.1/src/rp2_common/pico_float/float_aeabi_rp2040.S.o
 .ARM.attributes
                0x00000500       0x2c main/CMakeFiles/pico_emb.dir/home/sol/.pico-sdk/sdk/2.1.1/src/rp2_common/pico_float/float_init_rom_rp2040.c.o
 .ARM.attributes
                0x0000052c       0x22 main/CMakeFiles/pico_emb.dir/home/sol/.pico-sdk/sdk/2.1.1/src/rp2_common/pico_float/float_v1_rom_shim_rp2040.S.o
 .ARM.attributes
                0x0000054e       0x22 main/CMakeFiles/pico_emb.dir/home/sol/.pico-sdk/sdk/2.1.1/src/rp2_common/pico_mem_ops/mem_ops_aeabi.S.o
 .ARM.attributes
                0x00000570       0x2c main/CMakeFiles/pico_emb.dir/home/sol/.pico-sdk/sdk/2.1.1/src/rp2_common/pico_standard_binary_info/standard_binary_info.c.o
 .ARM.attributes
                0x0000059c       0x2c main/CMakeFiles/pico_emb.dir/home/sol/.pico-sdk/sdk/2.1.1/src/rp2_common/pico_printf/printf.c.o
 .ARM.attributes
                0x000005c8       0x22 main/CMakeFiles/pico_emb.dir/home/sol/.pico-sdk/sdk/2.1.1/src/rp2_common/pico_crt0/crt0.S.o
 .ARM.attributes
                0x000005ea       0x2c main/CMakeFiles/pico_emb.dir/home/sol/.pico-sdk/sdk/2.1.1/src/rp2_common/pico_clib_interface/newlib_interface.c.o
 .ARM.attributes
                0x00000616       0x2c main/CMakeFiles/pico_emb.dir/home/sol/.pico-sdk/sdk/2.1.1/src/rp2_common/pico_stdio/stdio.c.o
 .ARM.attributes
                0x00000642       0x2c main/CMakeFiles/pico_emb.dir/home/sol/.pico-sdk/sdk/2.1.1/src/rp2_common/pico_stdio_uart/stdio_uart.c.o
 .ARM.attributes
                0x0000066e       0x2c main/CMakeFiles/pico_emb.dir/home/sol/.pico-sdk/sdk/2.1.1/src/rp2_common/hardware_i2c/i2c.c.o
 .ARM.attributes
                0x0000069a       0x22 pico-sdk/src/rp2040/boot_stage2/CMakeFiles/bs2_default_library.dir/./bs2_default_padded_checksummed.S.o
 .ARM.attributes
                0x000006bc       0x2c mpu6050_lib/libmpu6050_lib.a(mpu6050.c.o)
 .ARM.attributes
                0x000006e8       0x1e /home/sol/.pico-sdk/toolchain/14_2_Rel1/bin/../lib/gcc/arm-none-eabi/14.2.1/thumb/v6-m/nofp/libgcc.a(_dvmd_tls.o)
 .ARM.attributes
                0x00000706       0x2c /home/sol/.pico-sdk/toolchain/14_2_Rel1/bin/../lib/gcc/arm-none-eabi/14.2.1/../../../../arm-none-eabi/lib/thumb/v6-m/nofp/libg.a(libc_a-strlen-stub.o)
 .ARM.attributes
                0x00000732       0x2c /home/sol/.pico-sdk/toolchain/14_2_Rel1/bin/../lib/gcc/arm-none-eabi/14.2.1/thumb/v6-m/nofp/crtend.o

.comment        0x00000000       0x45
 .comment       0x00000000       0x45 main/CMakeFiles/pico_emb.dir/main.c.o
                                 0x46 (size before relaxing)
 .comment       0x00000045       0x46 main/CMakeFiles/pico_emb.dir/home/sol/.pico-sdk/sdk/2.1.1/src/rp2_common/hardware_gpio/gpio.c.o
 .comment       0x00000045       0x46 main/CMakeFiles/pico_emb.dir/home/sol/.pico-sdk/sdk/2.1.1/src/rp2_common/pico_platform_panic/panic.c.o
 .comment       0x00000045       0x46 main/CMakeFiles/pico_emb.dir/home/sol/.pico-sdk/sdk/2.1.1/src/common/hardware_claim/claim.c.o
 .comment       0x00000045       0x46 main/CMakeFiles/pico_emb.dir/home/sol/.pico-sdk/sdk/2.1.1/src/rp2_common/hardware_sync/sync.c.o
 .comment       0x00000045       0x46 main/CMakeFiles/pico_emb.dir/home/sol/.pico-sdk/sdk/2.1.1/src/rp2_common/hardware_sync_spin_lock/sync_spin_lock.c.o
 .comment       0x00000045       0x46 main/CMakeFiles/pico_emb.dir/home/sol/.pico-sdk/sdk/2.1.1/src/rp2_common/hardware_irq/irq.c.o
 .comment       0x00000045       0x46 main/CMakeFiles/pico_emb.dir/home/sol/.pico-sdk/sdk/2.1.1/src/common/pico_sync/lock_core.c.o
 .comment       0x00000045       0x46 main/CMakeFiles/pico_emb.dir/home/sol/.pico-sdk/sdk/2.1.1/src/common/pico_sync/mutex.c.o
 .comment       0x00000045       0x46 main/CMakeFiles/pico_emb.dir/home/sol/.pico-sdk/sdk/2.1.1/src/common/pico_time/time.c.o
 .comment       0x00000045       0x46 main/CMakeFiles/pico_emb.dir/home/sol/.pico-sdk/sdk/2.1.1/src/common/pico_time/timeout_helper.c.o
 .comment       0x00000045       0x46 main/CMakeFiles/pico_emb.dir/home/sol/.pico-sdk/sdk/2.1.1/src/rp2_common/hardware_timer/timer.c.o
 .comment       0x00000045       0x46 main/CMakeFiles/pico_emb.dir/home/sol/.pico-sdk/sdk/2.1.1/src/rp2_common/hardware_uart/uart.c.o
 .comment       0x00000045       0x46 main/CMakeFiles/pico_emb.dir/home/sol/.pico-sdk/sdk/2.1.1/src/rp2_common/hardware_clocks/clocks.c.o
 .comment       0x00000045       0x46 main/CMakeFiles/pico_emb.dir/home/sol/.pico-sdk/sdk/2.1.1/src/rp2_common/hardware_pll/pll.c.o
 .comment       0x00000045       0x46 main/CMakeFiles/pico_emb.dir/home/sol/.pico-sdk/sdk/2.1.1/src/rp2_common/hardware_ticks/ticks.c.o
 .comment       0x00000045       0x46 main/CMakeFiles/pico_emb.dir/home/sol/.pico-sdk/sdk/2.1.1/src/rp2_common/pico_bootrom/bootrom.c.o
 .comment       0x00000045       0x46 main/CMakeFiles/pico_emb.dir/home/sol/.pico-sdk/sdk/2.1.1/src/rp2_common/hardware_xosc/xosc.c.o
 .comment       0x00000045       0x46 main/CMakeFiles/pico_emb.dir/home/sol/.pico-sdk/sdk/2.1.1/src/rp2_common/pico_runtime/runtime.c.o
 .comment       0x00000045       0x46 main/CMakeFiles/pico_emb.dir/home/sol/.pico-sdk/sdk/2.1.1/src/rp2_common/pico_runtime_init/runtime_init.c.o
 .comment       0x00000045       0x46 main/CMakeFiles/pico_emb.dir/home/sol/.pico-sdk/sdk/2.1.1/src/rp2_common/pico_runtime_init/runtime_init_clocks.c.o
 .comment       0x00000045       0x46 main/CMakeFiles/pico_emb.dir/home/sol/.pico-sdk/sdk/2.1.1/src/rp2_common/pico_double/double_init_rom_rp2040.c.o
 .comment       0x00000045       0x46 main/CMakeFiles/pico_emb.dir/home/sol/.pico-sdk/sdk/2.1.1/src/rp2_common/pico_float/float_init_rom_rp2040.c.o
 .comment       0x00000045       0x46 main/CMakeFiles/pico_emb.dir/home/sol/.pico-sdk/sdk/2.1.1/src/rp2_common/pico_standard_binary_info/standard_binary_info.c.o
 .comment       0x00000045       0x46 main/CMakeFiles/pico_emb.dir/home/sol/.pico-sdk/sdk/2.1.1/src/rp2_common/pico_printf/printf.c.o
 .comment       0x00000045       0x46 main/CMakeFiles/pico_emb.dir/home/sol/.pico-sdk/sdk/2.1.1/src/rp2_common/pico_clib_interface/newlib_interface.c.o
 .comment       0x00000045       0x46 main/CMakeFiles/pico_emb.dir/home/sol/.pico-sdk/sdk/2.1.1/src/rp2_common/pico_stdio/stdio.c.o
 .comment       0x00000045       0x46 main/CMakeFiles/pico_emb.dir/home/sol/.pico-sdk/sdk/2.1.1/src/rp2_common/pico_stdio_uart/stdio_uart.c.o
 .comment       0x00000045       0x46 main/CMakeFiles/pico_emb.dir/home/sol/.pico-sdk/sdk/2.1.1/src/rp2_common/hardware_i2c/i2c.c.o
 .comment       0x00000045       0x46 mpu6050_lib/libmpu6050_lib.a(mpu6050.c.o)

.debug_info     0x00000000    0x21a0b
 .debug_info    0x00000000      0x892 main/CMakeFiles/pico_emb.dir/main.c.o
 .debug_info    0x00000892     0x242d main/CMakeFiles/pico_emb.dir/home/sol/.pico-sdk/sdk/2.1.1/src/rp2_common/hardware_gpio/gpio.c.o
 .debug_info    0x00002cbf      0x1bf main/CMakeFiles/pico_emb.dir/home/sol/.pico-sdk/sdk/2.1.1/src/rp2_common/pico_platform_panic/panic.c.o
 .debug_info    0x00002e7e      0x9a1 main/CMakeFiles/pico_emb.dir/home/sol/.pico-sdk/sdk/2.1.1/src/common/hardware_claim/claim.c.o
 .debug_info    0x0000381f      0x45c main/CMakeFiles/pico_emb.dir/home/sol/.pico-sdk/sdk/2.1.1/src/rp2_common/hardware_sync/sync.c.o
 .debug_info    0x00003c7b      0x245 main/CMakeFiles/pico_emb.dir/home/sol/.pico-sdk/sdk/2.1.1/src/rp2_common/hardware_sync_spin_lock/sync_spin_lock.c.o
 .debug_info    0x00003ec0     0x220f main/CMakeFiles/pico_emb.dir/home/sol/.pico-sdk/sdk/2.1.1/src/rp2_common/hardware_irq/irq.c.o
 .debug_info    0x000060cf      0x15f main/CMakeFiles/pico_emb.dir/home/sol/.pico-sdk/sdk/2.1.1/src/common/pico_sync/lock_core.c.o
 .debug_info    0x0000622e     0x27f1 main/CMakeFiles/pico_emb.dir/home/sol/.pico-sdk/sdk/2.1.1/src/common/pico_sync/mutex.c.o
 .debug_info    0x00008a1f     0x5036 main/CMakeFiles/pico_emb.dir/home/sol/.pico-sdk/sdk/2.1.1/src/common/pico_time/time.c.o
 .debug_info    0x0000da55      0x69e main/CMakeFiles/pico_emb.dir/home/sol/.pico-sdk/sdk/2.1.1/src/common/pico_time/timeout_helper.c.o
 .debug_info    0x0000e0f3     0x2b13 main/CMakeFiles/pico_emb.dir/home/sol/.pico-sdk/sdk/2.1.1/src/rp2_common/hardware_timer/timer.c.o
 .debug_info    0x00010c06     0x195f main/CMakeFiles/pico_emb.dir/home/sol/.pico-sdk/sdk/2.1.1/src/rp2_common/hardware_uart/uart.c.o
 .debug_info    0x00012565     0x2991 main/CMakeFiles/pico_emb.dir/home/sol/.pico-sdk/sdk/2.1.1/src/rp2_common/hardware_clocks/clocks.c.o
 .debug_info    0x00014ef6      0x4e5 main/CMakeFiles/pico_emb.dir/home/sol/.pico-sdk/sdk/2.1.1/src/rp2_common/hardware_pll/pll.c.o
 .debug_info    0x000153db      0x248 main/CMakeFiles/pico_emb.dir/home/sol/.pico-sdk/sdk/2.1.1/src/rp2_common/hardware_ticks/ticks.c.o
 .debug_info    0x00015623      0x678 main/CMakeFiles/pico_emb.dir/home/sol/.pico-sdk/sdk/2.1.1/src/rp2_common/pico_bootrom/bootrom.c.o
 .debug_info    0x00015c9b      0x1d0 main/CMakeFiles/pico_emb.dir/home/sol/.pico-sdk/sdk/2.1.1/src/rp2_common/hardware_xosc/xosc.c.o
 .debug_info    0x00015e6b      0x21a main/CMakeFiles/pico_emb.dir/home/sol/.pico-sdk/sdk/2.1.1/src/rp2_common/pico_runtime/runtime.c.o
 .debug_info    0x00016085      0x795 main/CMakeFiles/pico_emb.dir/home/sol/.pico-sdk/sdk/2.1.1/src/rp2_common/pico_runtime_init/runtime_init.c.o
 .debug_info    0x0001681a      0x781 main/CMakeFiles/pico_emb.dir/home/sol/.pico-sdk/sdk/2.1.1/src/rp2_common/pico_runtime_init/runtime_init_clocks.c.o
 .debug_info    0x00016f9b       0x23 main/CMakeFiles/pico_emb.dir/home/sol/.pico-sdk/sdk/2.1.1/src/rp2_common/pico_bit_ops/bit_ops_aeabi.S.o
 .debug_info    0x00016fbe       0x23 main/CMakeFiles/pico_emb.dir/home/sol/.pico-sdk/sdk/2.1.1/src/rp2_common/pico_divider/divider_hardware.S.o
 .debug_info    0x00016fe1       0x23 main/CMakeFiles/pico_emb.dir/home/sol/.pico-sdk/sdk/2.1.1/src/rp2_common/pico_double/double_aeabi_rp2040.S.o
 .debug_info    0x00017004      0x27e main/CMakeFiles/pico_emb.dir/home/sol/.pico-sdk/sdk/2.1.1/src/rp2_common/pico_double/double_init_rom_rp2040.c.o
 .debug_info    0x00017282       0x23 main/CMakeFiles/pico_emb.dir/home/sol/.pico-sdk/sdk/2.1.1/src/rp2_common/pico_double/double_v1_rom_shim_rp2040.S.o
 .debug_info    0x000172a5       0x24 main/CMakeFiles/pico_emb.dir/home/sol/.pico-sdk/sdk/2.1.1/src/rp2_common/pico_int64_ops/pico_int64_ops_aeabi.S.o
 .debug_info    0x000172c9       0x23 main/CMakeFiles/pico_emb.dir/home/sol/.pico-sdk/sdk/2.1.1/src/rp2_common/pico_float/float_aeabi_rp2040.S.o
 .debug_info    0x000172ec      0x27e main/CMakeFiles/pico_emb.dir/home/sol/.pico-sdk/sdk/2.1.1/src/rp2_common/pico_float/float_init_rom_rp2040.c.o
 .debug_info    0x0001756a       0x23 main/CMakeFiles/pico_emb.dir/home/sol/.pico-sdk/sdk/2.1.1/src/rp2_common/pico_float/float_v1_rom_shim_rp2040.S.o
 .debug_info    0x0001758d       0x23 main/CMakeFiles/pico_emb.dir/home/sol/.pico-sdk/sdk/2.1.1/src/rp2_common/pico_mem_ops/mem_ops_aeabi.S.o
 .debug_info    0x000175b0      0x2b8 main/CMakeFiles/pico_emb.dir/home/sol/.pico-sdk/sdk/2.1.1/src/rp2_common/pico_standard_binary_info/standard_binary_info.c.o
 .debug_info    0x00017868     0x22f2 main/CMakeFiles/pico_emb.dir/home/sol/.pico-sdk/sdk/2.1.1/src/rp2_common/pico_printf/printf.c.o
 .debug_info    0x00019b5a       0x23 main/CMakeFiles/pico_emb.dir/home/sol/.pico-sdk/sdk/2.1.1/src/rp2_common/pico_crt0/crt0.S.o
 .debug_info    0x00019b7d      0xb54 main/CMakeFiles/pico_emb.dir/home/sol/.pico-sdk/sdk/2.1.1/src/rp2_common/pico_clib_interface/newlib_interface.c.o
 .debug_info    0x0001a6d1     0x1d6c main/CMakeFiles/pico_emb.dir/home/sol/.pico-sdk/sdk/2.1.1/src/rp2_common/pico_stdio/stdio.c.o
 .debug_info    0x0001c43d     0x14e7 main/CMakeFiles/pico_emb.dir/home/sol/.pico-sdk/sdk/2.1.1/src/rp2_common/pico_stdio_uart/stdio_uart.c.o
 .debug_info    0x0001d924     0x1cd4 main/CMakeFiles/pico_emb.dir/home/sol/.pico-sdk/sdk/2.1.1/src/rp2_common/hardware_i2c/i2c.c.o
 .debug_info    0x0001f5f8     0x2413 mpu6050_lib/libmpu6050_lib.a(mpu6050.c.o)

.debug_abbrev   0x00000000     0x5c90
 .debug_abbrev  0x00000000      0x1f4 main/CMakeFiles/pico_emb.dir/main.c.o
 .debug_abbrev  0x000001f4      0x50e main/CMakeFiles/pico_emb.dir/home/sol/.pico-sdk/sdk/2.1.1/src/rp2_common/hardware_gpio/gpio.c.o
 .debug_abbrev  0x00000702      0x12b main/CMakeFiles/pico_emb.dir/home/sol/.pico-sdk/sdk/2.1.1/src/rp2_common/pico_platform_panic/panic.c.o
 .debug_abbrev  0x0000082d      0x328 main/CMakeFiles/pico_emb.dir/home/sol/.pico-sdk/sdk/2.1.1/src/common/hardware_claim/claim.c.o
 .debug_abbrev  0x00000b55      0x20f main/CMakeFiles/pico_emb.dir/home/sol/.pico-sdk/sdk/2.1.1/src/rp2_common/hardware_sync/sync.c.o
 .debug_abbrev  0x00000d64      0x1bb main/CMakeFiles/pico_emb.dir/home/sol/.pico-sdk/sdk/2.1.1/src/rp2_common/hardware_sync_spin_lock/sync_spin_lock.c.o
 .debug_abbrev  0x00000f1f      0x614 main/CMakeFiles/pico_emb.dir/home/sol/.pico-sdk/sdk/2.1.1/src/rp2_common/hardware_irq/irq.c.o
 .debug_abbrev  0x00001533       0xee main/CMakeFiles/pico_emb.dir/home/sol/.pico-sdk/sdk/2.1.1/src/common/pico_sync/lock_core.c.o
 .debug_abbrev  0x00001621      0x48c main/CMakeFiles/pico_emb.dir/home/sol/.pico-sdk/sdk/2.1.1/src/common/pico_sync/mutex.c.o
 .debug_abbrev  0x00001aad      0x659 main/CMakeFiles/pico_emb.dir/home/sol/.pico-sdk/sdk/2.1.1/src/common/pico_time/time.c.o
 .debug_abbrev  0x00002106      0x2a0 main/CMakeFiles/pico_emb.dir/home/sol/.pico-sdk/sdk/2.1.1/src/common/pico_time/timeout_helper.c.o
 .debug_abbrev  0x000023a6      0x4f2 main/CMakeFiles/pico_emb.dir/home/sol/.pico-sdk/sdk/2.1.1/src/rp2_common/hardware_timer/timer.c.o
 .debug_abbrev  0x00002898      0x365 main/CMakeFiles/pico_emb.dir/home/sol/.pico-sdk/sdk/2.1.1/src/rp2_common/hardware_uart/uart.c.o
 .debug_abbrev  0x00002bfd      0x4eb main/CMakeFiles/pico_emb.dir/home/sol/.pico-sdk/sdk/2.1.1/src/rp2_common/hardware_clocks/clocks.c.o
 .debug_abbrev  0x000030e8      0x1d2 main/CMakeFiles/pico_emb.dir/home/sol/.pico-sdk/sdk/2.1.1/src/rp2_common/hardware_pll/pll.c.o
 .debug_abbrev  0x000032ba      0x145 main/CMakeFiles/pico_emb.dir/home/sol/.pico-sdk/sdk/2.1.1/src/rp2_common/hardware_ticks/ticks.c.o
 .debug_abbrev  0x000033ff      0x1bc main/CMakeFiles/pico_emb.dir/home/sol/.pico-sdk/sdk/2.1.1/src/rp2_common/pico_bootrom/bootrom.c.o
 .debug_abbrev  0x000035bb      0x11d main/CMakeFiles/pico_emb.dir/home/sol/.pico-sdk/sdk/2.1.1/src/rp2_common/hardware_xosc/xosc.c.o
 .debug_abbrev  0x000036d8      0x182 main/CMakeFiles/pico_emb.dir/home/sol/.pico-sdk/sdk/2.1.1/src/rp2_common/pico_runtime/runtime.c.o
 .debug_abbrev  0x0000385a      0x222 main/CMakeFiles/pico_emb.dir/home/sol/.pico-sdk/sdk/2.1.1/src/rp2_common/pico_runtime_init/runtime_init.c.o
 .debug_abbrev  0x00003a7c      0x2af main/CMakeFiles/pico_emb.dir/home/sol/.pico-sdk/sdk/2.1.1/src/rp2_common/pico_runtime_init/runtime_init_clocks.c.o
 .debug_abbrev  0x00003d2b       0x12 main/CMakeFiles/pico_emb.dir/home/sol/.pico-sdk/sdk/2.1.1/src/rp2_common/pico_bit_ops/bit_ops_aeabi.S.o
 .debug_abbrev  0x00003d3d       0x12 main/CMakeFiles/pico_emb.dir/home/sol/.pico-sdk/sdk/2.1.1/src/rp2_common/pico_divider/divider_hardware.S.o
 .debug_abbrev  0x00003d4f       0x12 main/CMakeFiles/pico_emb.dir/home/sol/.pico-sdk/sdk/2.1.1/src/rp2_common/pico_double/double_aeabi_rp2040.S.o
 .debug_abbrev  0x00003d61      0x17a main/CMakeFiles/pico_emb.dir/home/sol/.pico-sdk/sdk/2.1.1/src/rp2_common/pico_double/double_init_rom_rp2040.c.o
 .debug_abbrev  0x00003edb       0x12 main/CMakeFiles/pico_emb.dir/home/sol/.pico-sdk/sdk/2.1.1/src/rp2_common/pico_double/double_v1_rom_shim_rp2040.S.o
 .debug_abbrev  0x00003eed       0x14 main/CMakeFiles/pico_emb.dir/home/sol/.pico-sdk/sdk/2.1.1/src/rp2_common/pico_int64_ops/pico_int64_ops_aeabi.S.o
 .debug_abbrev  0x00003f01       0x12 main/CMakeFiles/pico_emb.dir/home/sol/.pico-sdk/sdk/2.1.1/src/rp2_common/pico_float/float_aeabi_rp2040.S.o
 .debug_abbrev  0x00003f13      0x173 main/CMakeFiles/pico_emb.dir/home/sol/.pico-sdk/sdk/2.1.1/src/rp2_common/pico_float/float_init_rom_rp2040.c.o
 .debug_abbrev  0x00004086       0x12 main/CMakeFiles/pico_emb.dir/home/sol/.pico-sdk/sdk/2.1.1/src/rp2_common/pico_float/float_v1_rom_shim_rp2040.S.o
 .debug_abbrev  0x00004098       0x12 main/CMakeFiles/pico_emb.dir/home/sol/.pico-sdk/sdk/2.1.1/src/rp2_common/pico_mem_ops/mem_ops_aeabi.S.o
 .debug_abbrev  0x000040aa       0xb8 main/CMakeFiles/pico_emb.dir/home/sol/.pico-sdk/sdk/2.1.1/src/rp2_common/pico_standard_binary_info/standard_binary_info.c.o
 .debug_abbrev  0x00004162      0x50c main/CMakeFiles/pico_emb.dir/home/sol/.pico-sdk/sdk/2.1.1/src/rp2_common/pico_printf/printf.c.o
 .debug_abbrev  0x0000466e       0x12 main/CMakeFiles/pico_emb.dir/home/sol/.pico-sdk/sdk/2.1.1/src/rp2_common/pico_crt0/crt0.S.o
 .debug_abbrev  0x00004680      0x352 main/CMakeFiles/pico_emb.dir/home/sol/.pico-sdk/sdk/2.1.1/src/rp2_common/pico_clib_interface/newlib_interface.c.o
 .debug_abbrev  0x000049d2      0x5d9 main/CMakeFiles/pico_emb.dir/home/sol/.pico-sdk/sdk/2.1.1/src/rp2_common/pico_stdio/stdio.c.o
 .debug_abbrev  0x00004fab      0x498 main/CMakeFiles/pico_emb.dir/home/sol/.pico-sdk/sdk/2.1.1/src/rp2_common/pico_stdio_uart/stdio_uart.c.o
 .debug_abbrev  0x00005443      0x4a3 main/CMakeFiles/pico_emb.dir/home/sol/.pico-sdk/sdk/2.1.1/src/rp2_common/hardware_i2c/i2c.c.o
 .debug_abbrev  0x000058e6      0x3aa mpu6050_lib/libmpu6050_lib.a(mpu6050.c.o)

.debug_loclists
                0x00000000    0x13f87
 .debug_loclists
                0x00000000       0x20 main/CMakeFiles/pico_emb.dir/main.c.o
 .debug_loclists
                0x00000020     0x1ac0 main/CMakeFiles/pico_emb.dir/home/sol/.pico-sdk/sdk/2.1.1/src/rp2_common/hardware_gpio/gpio.c.o
 .debug_loclists
                0x00001ae0      0x349 main/CMakeFiles/pico_emb.dir/home/sol/.pico-sdk/sdk/2.1.1/src/common/hardware_claim/claim.c.o
 .debug_loclists
                0x00001e29      0x108 main/CMakeFiles/pico_emb.dir/home/sol/.pico-sdk/sdk/2.1.1/src/rp2_common/hardware_sync/sync.c.o
 .debug_loclists
                0x00001f31       0x7d main/CMakeFiles/pico_emb.dir/home/sol/.pico-sdk/sdk/2.1.1/src/rp2_common/hardware_sync_spin_lock/sync_spin_lock.c.o
 .debug_loclists
                0x00001fae     0x11ed main/CMakeFiles/pico_emb.dir/home/sol/.pico-sdk/sdk/2.1.1/src/rp2_common/hardware_irq/irq.c.o
 .debug_loclists
                0x0000319b       0x41 main/CMakeFiles/pico_emb.dir/home/sol/.pico-sdk/sdk/2.1.1/src/common/pico_sync/lock_core.c.o
 .debug_loclists
                0x000031dc      0xaec main/CMakeFiles/pico_emb.dir/home/sol/.pico-sdk/sdk/2.1.1/src/common/pico_sync/mutex.c.o
 .debug_loclists
                0x00003cc8     0x27d7 main/CMakeFiles/pico_emb.dir/home/sol/.pico-sdk/sdk/2.1.1/src/common/pico_time/time.c.o
 .debug_loclists
                0x0000649f      0x36e main/CMakeFiles/pico_emb.dir/home/sol/.pico-sdk/sdk/2.1.1/src/common/pico_time/timeout_helper.c.o
 .debug_loclists
                0x0000680d     0x19f6 main/CMakeFiles/pico_emb.dir/home/sol/.pico-sdk/sdk/2.1.1/src/rp2_common/hardware_timer/timer.c.o
 .debug_loclists
                0x00008203      0xc90 main/CMakeFiles/pico_emb.dir/home/sol/.pico-sdk/sdk/2.1.1/src/rp2_common/hardware_uart/uart.c.o
 .debug_loclists
                0x00008e93     0x2b6f main/CMakeFiles/pico_emb.dir/home/sol/.pico-sdk/sdk/2.1.1/src/rp2_common/hardware_clocks/clocks.c.o
 .debug_loclists
                0x0000ba02      0x1e0 main/CMakeFiles/pico_emb.dir/home/sol/.pico-sdk/sdk/2.1.1/src/rp2_common/hardware_pll/pll.c.o
 .debug_loclists
                0x0000bbe2       0x47 main/CMakeFiles/pico_emb.dir/home/sol/.pico-sdk/sdk/2.1.1/src/rp2_common/hardware_ticks/ticks.c.o
 .debug_loclists
                0x0000bc29      0x351 main/CMakeFiles/pico_emb.dir/home/sol/.pico-sdk/sdk/2.1.1/src/rp2_common/pico_bootrom/bootrom.c.o
 .debug_loclists
                0x0000bf7a       0x48 main/CMakeFiles/pico_emb.dir/home/sol/.pico-sdk/sdk/2.1.1/src/rp2_common/hardware_xosc/xosc.c.o
 .debug_loclists
                0x0000bfc2       0x7e main/CMakeFiles/pico_emb.dir/home/sol/.pico-sdk/sdk/2.1.1/src/rp2_common/pico_runtime/runtime.c.o
 .debug_loclists
                0x0000c040       0xba main/CMakeFiles/pico_emb.dir/home/sol/.pico-sdk/sdk/2.1.1/src/rp2_common/pico_runtime_init/runtime_init.c.o
 .debug_loclists
                0x0000c0fa       0x74 main/CMakeFiles/pico_emb.dir/home/sol/.pico-sdk/sdk/2.1.1/src/rp2_common/pico_runtime_init/runtime_init_clocks.c.o
 .debug_loclists
                0x0000c16e       0x3d main/CMakeFiles/pico_emb.dir/home/sol/.pico-sdk/sdk/2.1.1/src/rp2_common/pico_double/double_init_rom_rp2040.c.o
 .debug_loclists
                0x0000c1ab       0x59 main/CMakeFiles/pico_emb.dir/home/sol/.pico-sdk/sdk/2.1.1/src/rp2_common/pico_float/float_init_rom_rp2040.c.o
 .debug_loclists
                0x0000c204     0x355f main/CMakeFiles/pico_emb.dir/home/sol/.pico-sdk/sdk/2.1.1/src/rp2_common/pico_printf/printf.c.o
 .debug_loclists
                0x0000f763      0x431 main/CMakeFiles/pico_emb.dir/home/sol/.pico-sdk/sdk/2.1.1/src/rp2_common/pico_clib_interface/newlib_interface.c.o
 .debug_loclists
                0x0000fb94      0xf51 main/CMakeFiles/pico_emb.dir/home/sol/.pico-sdk/sdk/2.1.1/src/rp2_common/pico_stdio/stdio.c.o
 .debug_loclists
                0x00010ae5      0x75b main/CMakeFiles/pico_emb.dir/home/sol/.pico-sdk/sdk/2.1.1/src/rp2_common/pico_stdio_uart/stdio_uart.c.o
 .debug_loclists
                0x00011240     0x1422 main/CMakeFiles/pico_emb.dir/home/sol/.pico-sdk/sdk/2.1.1/src/rp2_common/hardware_i2c/i2c.c.o
 .debug_loclists
                0x00012662     0x1925 mpu6050_lib/libmpu6050_lib.a(mpu6050.c.o)

.debug_aranges  0x00000000     0x1070
 .debug_aranges
                0x00000000       0x20 main/CMakeFiles/pico_emb.dir/main.c.o
 .debug_aranges
                0x00000020      0x120 main/CMakeFiles/pico_emb.dir/home/sol/.pico-sdk/sdk/2.1.1/src/rp2_common/hardware_gpio/gpio.c.o
 .debug_aranges
                0x00000140       0x28 main/CMakeFiles/pico_emb.dir/home/sol/.pico-sdk/sdk/2.1.1/src/rp2_common/pico_platform_panic/panic.c.o
 .debug_aranges
                0x00000168       0x48 main/CMakeFiles/pico_emb.dir/home/sol/.pico-sdk/sdk/2.1.1/src/common/hardware_claim/claim.c.o
 .debug_aranges
                0x000001b0       0x48 main/CMakeFiles/pico_emb.dir/home/sol/.pico-sdk/sdk/2.1.1/src/rp2_common/hardware_sync/sync.c.o
 .debug_aranges
                0x000001f8       0x28 main/CMakeFiles/pico_emb.dir/home/sol/.pico-sdk/sdk/2.1.1/src/rp2_common/hardware_sync_spin_lock/sync_spin_lock.c.o
 .debug_aranges
                0x00000220       0xb8 main/CMakeFiles/pico_emb.dir/home/sol/.pico-sdk/sdk/2.1.1/src/rp2_common/hardware_irq/irq.c.o
 .debug_aranges
                0x000002d8       0x20 main/CMakeFiles/pico_emb.dir/home/sol/.pico-sdk/sdk/2.1.1/src/common/pico_sync/lock_core.c.o
 .debug_aranges
                0x000002f8       0x98 main/CMakeFiles/pico_emb.dir/home/sol/.pico-sdk/sdk/2.1.1/src/common/pico_sync/mutex.c.o
 .debug_aranges
                0x00000390       0xe0 main/CMakeFiles/pico_emb.dir/home/sol/.pico-sdk/sdk/2.1.1/src/common/pico_time/time.c.o
 .debug_aranges
                0x00000470       0x38 main/CMakeFiles/pico_emb.dir/home/sol/.pico-sdk/sdk/2.1.1/src/common/pico_time/timeout_helper.c.o
 .debug_aranges
                0x000004a8       0xf0 main/CMakeFiles/pico_emb.dir/home/sol/.pico-sdk/sdk/2.1.1/src/rp2_common/hardware_timer/timer.c.o
 .debug_aranges
                0x00000598       0x58 main/CMakeFiles/pico_emb.dir/home/sol/.pico-sdk/sdk/2.1.1/src/rp2_common/hardware_uart/uart.c.o
 .debug_aranges
                0x000005f0       0x90 main/CMakeFiles/pico_emb.dir/home/sol/.pico-sdk/sdk/2.1.1/src/rp2_common/hardware_clocks/clocks.c.o
 .debug_aranges
                0x00000680       0x28 main/CMakeFiles/pico_emb.dir/home/sol/.pico-sdk/sdk/2.1.1/src/rp2_common/hardware_pll/pll.c.o
 .debug_aranges
                0x000006a8       0x30 main/CMakeFiles/pico_emb.dir/home/sol/.pico-sdk/sdk/2.1.1/src/rp2_common/hardware_ticks/ticks.c.o
 .debug_aranges
                0x000006d8       0x40 main/CMakeFiles/pico_emb.dir/home/sol/.pico-sdk/sdk/2.1.1/src/rp2_common/pico_bootrom/bootrom.c.o
 .debug_aranges
                0x00000718       0x30 main/CMakeFiles/pico_emb.dir/home/sol/.pico-sdk/sdk/2.1.1/src/rp2_common/hardware_xosc/xosc.c.o
 .debug_aranges
                0x00000748       0x38 main/CMakeFiles/pico_emb.dir/home/sol/.pico-sdk/sdk/2.1.1/src/rp2_common/pico_runtime/runtime.c.o
 .debug_aranges
                0x00000780       0x48 main/CMakeFiles/pico_emb.dir/home/sol/.pico-sdk/sdk/2.1.1/src/rp2_common/pico_runtime_init/runtime_init.c.o
 .debug_aranges
                0x000007c8       0x20 main/CMakeFiles/pico_emb.dir/home/sol/.pico-sdk/sdk/2.1.1/src/rp2_common/pico_runtime_init/runtime_init_clocks.c.o
 .debug_aranges